[host] frontend spawned: build/perry-app.exe 
[host] frontend hello: {"t":"hello","proto":1,"title":"PerryTS × GPUI"}
FLUSH 1790015360104 n=239
[host] window opened
FLUSH 1790015360609 n=2
FLUSH 1790015361106 n=1
FLUSH 1790015361124 n=2
FLUSH 1790015361627 n=2
FLUSH 1790015362107 n=1
FLUSH 1790015362127 n=2
FLUSH 1790015362627 n=2
FLUSH 1790015363108 n=1
FLUSH 1790015363130 n=2
FLUSH 1790015363631 n=2
FLUSH 1790015364111 n=1
FLUSH 1790015364145 n=2
FLUSH 1790015364657 n=2
FLUSH 1790015365111 n=1
FLUSH 1790015365158 n=2
FLUSH 1790015365658 n=2
FLUSH 1790015366124 n=1
FLUSH 1790015366170 n=2
FLUSH 1790015366673 n=2
FLUSH 1790015367135 n=1
FLUSH 1790015367182 n=2
FLUSH 1790015367682 n=2
FLUSH 1790015368138 n=1
FLUSH 1790015368185 n=2
FLUSH 1790015368693 n=2
FLUSH 1790015369142 n=1
FLUSH 1790015369209 n=2
FLUSH 1790015369723 n=2
FLUSH 1790015370155 n=1
FLUSH 1790015370223 n=2
FLUSH 1790015370723 n=2
FLUSH 1790015371156 n=1
FLUSH 1790015371226 n=2
FLUSH 1790015371739 n=2
FLUSH 1790015372158 n=1
FLUSH 1790015372239 n=2
FLUSH 1790015372739 n=2
FLUSH 1790015373170 n=1
FLUSH 1790015373242 n=2
FLUSH 1790015373758 n=2
FLUSH 1790015374176 n=1
FLUSH 1790015374272 n=2
FLUSH 1790015374772 n=2
FLUSH 1790015375190 n=1
FLUSH 1790015375272 n=2
FLUSH 1790015375772 n=2
FLUSH 1790015376191 n=1
FLUSH 1790015376275 n=2
FLUSH 1790015376792 n=2
FLUSH 1790015377191 n=1
FLUSH 1790015377292 n=2
FLUSH 1790015377805 n=2
FLUSH 1790015378191 n=1
FLUSH 1790015378305 n=2
FLUSH 1790015378806 n=2
FLUSH 1790015379205 n=1
FLUSH 1790015379306 n=2
FLUSH 1790015379806 n=2
FLUSH 1790015380207 n=1
FLUSH 1790015380308 n=2
FLUSH 1790015380822 n=2
FLUSH 1790015381207 n=1
FLUSH 1790015381336 n=2
FLUSH 1790015381839 n=2
FLUSH 1790015382208 n=1
FLUSH 1790015382353 n=2
FLUSH 1790015382860 n=2
FLUSH 1790015383223 n=1
FLUSH 1790015383373 n=2
FLUSH 1790015383875 n=2
FLUSH 1790015384236 n=1
FLUSH 1790015384388 n=2
FLUSH 1790015384890 n=2
FLUSH 1790015385238 n=1
FLUSH 1790015385391 n=2
FLUSH 1790015385891 n=2
FLUSH 1790015386238 n=1
FLUSH 1790015386403 n=2
[host] click id=63 -> tx
[host] ev write: {"t":"event","target":63,"kind":"click"}
EVT_RECV 1790015386725 feeder=-1
FLUSH 1790015386725 n=88
FLUSH 1790015386904 n=2
FLUSH 1790015387239 n=1
FLUSH 1790015387406 n=2
FLUSH 1790015387907 n=2
FLUSH 1790015388241 n=1
FLUSH 1790015388409 n=2
FLUSH 1790015388923 n=2
FLUSH 1790015389241 n=1
FLUSH 1790015389422 n=2
FLUSH 1790015389925 n=2
FLUSH 1790015390249 n=1
FLUSH 1790015390435 n=2
FLUSH 1790015390938 n=2
FLUSH 1790015391256 n=1
FLUSH 1790015391438 n=2
FLUSH 1790015391939 n=2
FLUSH 1790015392258 n=1
FLUSH 1790015392441 n=2
FLUSH 1790015392942 n=2
FLUSH 1790015393271 n=1
FLUSH 1790015393458 n=2
FLUSH 1790015393972 n=2
FLUSH 1790015394271 n=1
FLUSH 1790015394486 n=2
FLUSH 1790015394989 n=2
FLUSH 1790015395271 n=1
FLUSH 1790015395490 n=2
FLUSH 1790015396005 n=2
FLUSH 1790015396271 n=1
FLUSH 1790015396508 n=2
FLUSH 1790015397021 n=2
FLUSH 1790015397274 n=1
FLUSH 1790015397523 n=2
FLUSH 1790015398040 n=2
FLUSH 1790015398283 n=1
FLUSH 1790015398543 n=2
FLUSH 1790015399047 n=2
FLUSH 1790015399297 n=1
FLUSH 1790015399554 n=2
FLUSH 1790015400064 n=2
FLUSH 1790015400299 n=1
FLUSH 1790015400567 n=2
FLUSH 1790015401079 n=2
FLUSH 1790015401313 n=1
FLUSH 1790015401579 n=2
FLUSH 1790015402082 n=2
FLUSH 1790015402323 n=1
FLUSH 1790015402596 n=2
FLUSH 1790015403107 n=2
FLUSH 1790015403325 n=1
FLUSH 1790015403618 n=2
FLUSH 1790015404129 n=2
FLUSH 1790015404338 n=1
FLUSH 1790015404630 n=2
FLUSH 1790015405135 n=2
FLUSH 1790015405338 n=1
FLUSH 1790015405638 n=2
FLUSH 1790015406143 n=2
FLUSH 1790015406349 n=1
FLUSH 1790015406653 n=2
FLUSH 1790015407167 n=2
FLUSH 1790015407360 n=1
FLUSH 1790015407674 n=2
FLUSH 1790015408180 n=2
FLUSH 1790015408363 n=1
FLUSH 1790015408689 n=2
FLUSH 1790015409202 n=2
FLUSH 1790015409386 n=1
FLUSH 1790015409704 n=2
FLUSH 1790015410204 n=2
FLUSH 1790015410390 n=1
FLUSH 1790015410715 n=2
FLUSH 1790015411226 n=2
FLUSH 1790015411397 n=1
FLUSH 1790015411729 n=2
FLUSH 1790015412244 n=2
FLUSH 1790015412408 n=1
FLUSH 1790015412751 n=2
FLUSH 1790015413256 n=2
FLUSH 1790015413413 n=1
FLUSH 1790015413765 n=2
FLUSH 1790015414276 n=2
FLUSH 1790015414415 n=1
FLUSH 1790015414790 n=2
FLUSH 1790015415304 n=2
FLUSH 1790015415428 n=1
FLUSH 1790015415817 n=2
FLUSH 1790015416328 n=2
FLUSH 1790015416437 n=1
FLUSH 1790015416834 n=2
FLUSH 1790015417335 n=2
FLUSH 1790015417437 n=1
FLUSH 1790015417838 n=2
FLUSH 1790015418348 n=2
FLUSH 1790015418440 n=1
FLUSH 1790015418856 n=2
FLUSH 1790015419371 n=2
FLUSH 1790015419450 n=1
FLUSH 1790015419871 n=2
FLUSH 1790015420371 n=2
FLUSH 1790015420451 n=1
FLUSH 1790015420871 n=2
FLUSH 1790015421374 n=2
FLUSH 1790015421456 n=1
FLUSH 1790015421885 n=2
FLUSH 1790015422393 n=2
FLUSH 1790015422461 n=1
FLUSH 1790015422906 n=2
FLUSH 1790015423406 n=2
FLUSH 1790015423472 n=1
FLUSH 1790015423907 n=2
FLUSH 1790015424423 n=2
FLUSH 1790015424489 n=1
FLUSH 1790015424937 n=2
FLUSH 1790015425437 n=2
FLUSH 1790015425499 n=1
FLUSH 1790015425937 n=2
FLUSH 1790015426437 n=2
FLUSH 1790015426502 n=1
FLUSH 1790015426939 n=2
FLUSH 1790015427452 n=2
FLUSH 1790015427502 n=1
FLUSH 1790015427954 n=2
FLUSH 1790015428455 n=2
FLUSH 1790015428503 n=1
FLUSH 1790015428958 n=2
FLUSH 1790015429470 n=2
FLUSH 1790015429506 n=1
FLUSH 1790015429970 n=2
FLUSH 1790015430472 n=2
FLUSH 1790015430506 n=1
FLUSH 1790015430972 n=2
FLUSH 1790015431486 n=2
FLUSH 1790015431521 n=1
FLUSH 1790015431988 n=2
FLUSH 1790015432501 n=2
FLUSH 1790015432522 n=1
FLUSH 1790015433002 n=2
FLUSH 1790015433503 n=2
FLUSH 1790015433522 n=1
FLUSH 1790015434014 n=2
FLUSH 1790015434521 n=2
FLUSH 1790015434522 n=1
FLUSH 1790015435027 n=2
FLUSH 1790015435526 n=1
FLUSH 1790015435526 n=2
FLUSH 1790015436037 n=2
FLUSH 1790015436537 n=1
FLUSH 1790015436537 n=2
FLUSH 1790015437037 n=2
FLUSH 1790015437540 n=3
FLUSH 1790015438049 n=2
FLUSH 1790015438544 n=1
FLUSH 1790015438555 n=2
FLUSH 1790015439055 n=2
FLUSH 1790015439551 n=1
FLUSH 1790015439567 n=2
FLUSH 1790015440075 n=2
FLUSH 1790015440556 n=1
FLUSH 1790015440588 n=2
FLUSH 1790015441092 n=2
FLUSH 1790015441573 n=1
FLUSH 1790015441605 n=2
FLUSH 1790015442106 n=2
FLUSH 1790015442589 n=1
FLUSH 1790015442623 n=2
FLUSH 1790015443139 n=2
FLUSH 1790015443589 n=1
FLUSH 1790015443639 n=2
FLUSH 1790015444155 n=2
FLUSH 1790015444603 n=1
FLUSH 1790015444655 n=2
FLUSH 1790015445169 n=2
FLUSH 1790015445603 n=1
FLUSH 1790015445669 n=2
FLUSH 1790015446172 n=2
FLUSH 1790015446605 n=1
FLUSH 1790015446673 n=2
FLUSH 1790015447181 n=2
FLUSH 1790015447619 n=1
FLUSH 1790015447686 n=2
FLUSH 1790015448201 n=2
FLUSH 1790015448622 n=1
FLUSH 1790015448702 n=2
FLUSH 1790015449202 n=2
FLUSH 1790015449636 n=1
FLUSH 1790015449703 n=2
FLUSH 1790015450203 n=2
FLUSH 1790015450636 n=1
FLUSH 1790015450703 n=2
FLUSH 1790015451205 n=2
FLUSH 1790015451646 n=1
FLUSH 1790015451706 n=2
FLUSH 1790015452222 n=2
FLUSH 1790015452654 n=1
FLUSH 1790015452731 n=2
FLUSH 1790015453236 n=2
FLUSH 1790015453668 n=1
FLUSH 1790015453737 n=2
FLUSH 1790015454236 n=2
FLUSH 1790015454670 n=1
FLUSH 1790015454736 n=2
FLUSH 1790015455237 n=2
FLUSH 1790015455670 n=1
FLUSH 1790015455737 n=2
FLUSH 1790015456239 n=2
FLUSH 1790015456672 n=1
FLUSH 1790015456751 n=2
FLUSH 1790015457254 n=2
FLUSH 1790015457686 n=1
FLUSH 1790015457754 n=2
FLUSH 1790015458266 n=2
FLUSH 1790015458700 n=1
FLUSH 1790015458772 n=2
FLUSH 1790015459286 n=2
FLUSH 1790015459702 n=1
FLUSH 1790015459788 n=2
FLUSH 1790015460295 n=2
FLUSH 1790015460715 n=1
FLUSH 1790015460795 n=2
FLUSH 1790015461308 n=2
FLUSH 1790015461722 n=1
FLUSH 1790015461810 n=2
FLUSH 1790015462315 n=2
FLUSH 1790015462730 n=1
FLUSH 1790015462824 n=2
FLUSH 1790015463333 n=2
FLUSH 1790015463732 n=1
FLUSH 1790015463843 n=2
FLUSH 1790015464351 n=2
FLUSH 1790015464736 n=1
FLUSH 1790015464854 n=2
FLUSH 1790015465358 n=2
FLUSH 1790015465744 n=1
FLUSH 1790015465869 n=2
FLUSH 1790015466369 n=2
FLUSH 1790015466773 n=1
FLUSH 1790015466871 n=2
FLUSH 1790015467371 n=2
FLUSH 1790015467784 n=1
FLUSH 1790015467873 n=2
FLUSH 1790015468389 n=2
FLUSH 1790015468787 n=1
FLUSH 1790015468903 n=2
FLUSH 1790015469403 n=2
FLUSH 1790015469801 n=1
FLUSH 1790015469903 n=2
FLUSH 1790015470405 n=2
FLUSH 1790015470815 n=1
FLUSH 1790015470921 n=2
FLUSH 1790015471421 n=2
FLUSH 1790015471821 n=1
FLUSH 1790015471929 n=2
FLUSH 1790015472436 n=2
FLUSH 1790015472821 n=1
FLUSH 1790015472935 n=2
FLUSH 1790015473438 n=2
FLUSH 1790015473824 n=1
FLUSH 1790015473938 n=2
FLUSH 1790015474438 n=2
FLUSH 1790015474837 n=1
FLUSH 1790015474940 n=2
FLUSH 1790015475449 n=2
FLUSH 1790015475850 n=1
FLUSH 1790015475952 n=2
FLUSH 1790015476454 n=2
FLUSH 1790015476853 n=1
FLUSH 1790015476954 n=2
FLUSH 1790015477454 n=2
FLUSH 1790015477853 n=1
FLUSH 1790015477954 n=2
FLUSH 1790015478454 n=2
FLUSH 1790015478867 n=1
FLUSH 1790015478968 n=2
FLUSH 1790015479470 n=2
FLUSH 1790015479870 n=1
FLUSH 1790015479971 n=2
FLUSH 1790015480471 n=2
FLUSH 1790015480872 n=1
FLUSH 1790015480985 n=2
FLUSH 1790015481486 n=2
FLUSH 1790015481886 n=1
FLUSH 1790015481986 n=2
FLUSH 1790015482491 n=2
FLUSH 1790015482886 n=1
FLUSH 1790015483004 n=2
FLUSH 1790015483507 n=2
FLUSH 1790015483886 n=1
FLUSH 1790015484021 n=2
FLUSH 1790015484531 n=2
FLUSH 1790015484893 n=1
FLUSH 1790015485035 n=2
FLUSH 1790015485546 n=2
FLUSH 1790015485901 n=1
FLUSH 1790015486056 n=2
FLUSH 1790015486557 n=2
FLUSH 1790015486908 n=1
FLUSH 1790015487057 n=2
FLUSH 1790015487558 n=2
FLUSH 1790015487915 n=1
FLUSH 1790015488070 n=2
FLUSH 1790015488582 n=2
FLUSH 1790015488920 n=1
FLUSH 1790015489084 n=2
FLUSH 1790015489597 n=2
FLUSH 1790015489926 n=1
FLUSH 1790015490101 n=2
FLUSH 1790015490601 n=2
FLUSH 1790015490928 n=1
FLUSH 1790015491109 n=2
FLUSH 1790015491619 n=2
FLUSH 1790015491933 n=1
FLUSH 1790015492121 n=2
FLUSH 1790015492624 n=2
FLUSH 1790015492933 n=1
FLUSH 1790015493131 n=2
FLUSH 1790015493644 n=2
FLUSH 1790015493942 n=1
FLUSH 1790015494154 n=2
FLUSH 1790015494665 n=2
FLUSH 1790015494954 n=1
FLUSH 1790015495168 n=2
FLUSH 1790015495668 n=2
FLUSH 1790015495968 n=1
FLUSH 1790015496170 n=2
FLUSH 1790015496686 n=2
FLUSH 1790015496968 n=1
FLUSH 1790015497196 n=2
FLUSH 1790015497700 n=2
FLUSH 1790015497970 n=1
FLUSH 1790015498201 n=2
FLUSH 1790015498703 n=2
FLUSH 1790015498970 n=1
FLUSH 1790015499216 n=2
FLUSH 1790015499720 n=2
FLUSH 1790015499986 n=1
FLUSH 1790015500235 n=2
FLUSH 1790015500735 n=2
FLUSH 1790015500999 n=1
FLUSH 1790015501235 n=2
FLUSH 1790015501749 n=2
FLUSH 1790015502001 n=1
FLUSH 1790015502252 n=2
FLUSH 1790015502752 n=2
FLUSH 1790015503003 n=1
FLUSH 1790015503266 n=2
FLUSH 1790015503768 n=2
FLUSH 1790015504014 n=1
FLUSH 1790015504267 n=2
FLUSH 1790015504770 n=2
FLUSH 1790015505018 n=1
FLUSH 1790015505270 n=2
FLUSH 1790015505785 n=2
FLUSH 1790015506019 n=1
FLUSH 1790015506300 n=2
FLUSH 1790015506804 n=2
FLUSH 1790015507019 n=1
FLUSH 1790015507318 n=2
FLUSH 1790015507832 n=2
FLUSH 1790015508020 n=1
FLUSH 1790015508333 n=2
FLUSH 1790015508833 n=2
FLUSH 1790015509021 n=1
FLUSH 1790015509336 n=2
FLUSH 1790015509852 n=2
FLUSH 1790015510033 n=1
FLUSH 1790015510352 n=2
FLUSH 1790015510852 n=2
FLUSH 1790015511035 n=1
FLUSH 1790015511352 n=2
FLUSH 1790015511852 n=2
FLUSH 1790015512041 n=1
FLUSH 1790015512358 n=2
FLUSH 1790015512867 n=2
FLUSH 1790015513046 n=1
FLUSH 1790015513367 n=2
FLUSH 1790015513873 n=2
FLUSH 1790015514056 n=1
FLUSH 1790015514386 n=2
FLUSH 1790015514901 n=2
FLUSH 1790015515057 n=1
FLUSH 1790015515409 n=2
FLUSH 1790015515909 n=2
FLUSH 1790015516062 n=1
FLUSH 1790015516423 n=2
FLUSH 1790015516923 n=2
FLUSH 1790015517072 n=1
FLUSH 1790015517438 n=2
FLUSH 1790015517938 n=2
FLUSH 1790015518072 n=1
FLUSH 1790015518452 n=2
FLUSH 1790015518967 n=2
FLUSH 1790015519075 n=1
FLUSH 1790015519467 n=2
FLUSH 1790015519969 n=2
FLUSH 1790015520077 n=1
FLUSH 1790015520478 n=2
FLUSH 1790015520988 n=2
FLUSH 1790015521082 n=1
FLUSH 1790015521493 n=2
FLUSH 1790015522000 n=2
FLUSH 1790015522088 n=1
FLUSH 1790015522503 n=2
FLUSH 1790015523016 n=2
FLUSH 1790015523093 n=1
FLUSH 1790015523518 n=2
FLUSH 1790015524024 n=2
FLUSH 1790015524095 n=1
FLUSH 1790015524554 n=2
FLUSH 1790015525069 n=2
FLUSH 1790015525099 n=1
FLUSH 1790015525578 n=2
FLUSH 1790015526081 n=2
FLUSH 1790015526102 n=1
FLUSH 1790015526584 n=2
FLUSH 1790015527084 n=2
FLUSH 1790015527113 n=1
FLUSH 1790015527592 n=2
FLUSH 1790015528098 n=2
FLUSH 1790015528119 n=1
FLUSH 1790015528598 n=2
FLUSH 1790015529103 n=2
FLUSH 1790015529119 n=1
FLUSH 1790015529610 n=2
FLUSH 1790015530117 n=2
FLUSH 1790015530133 n=1
FLUSH 1790015530622 n=2
FLUSH 1790015531133 n=2
FLUSH 1790015531133 n=1
FLUSH 1790015531639 n=2
FLUSH 1790015532136 n=1
FLUSH 1790015532139 n=2
FLUSH 1790015532640 n=2
FLUSH 1790015533142 n=3
FLUSH 1790015533653 n=2
FLUSH 1790015534151 n=1
FLUSH 1790015534153 n=2
FLUSH 1790015534653 n=2
FLUSH 1790015535152 n=1
FLUSH 1790015535153 n=2
FLUSH 1790015535666 n=2
FLUSH 1790015536166 n=3
FLUSH 1790015536666 n=2
FLUSH 1790015537168 n=3
FLUSH 1790015537669 n=2
FLUSH 1790015538169 n=3
FLUSH 1790015538678 n=2
FLUSH 1790015539171 n=1
FLUSH 1790015539184 n=2
FLUSH 1790015539685 n=2
FLUSH 1790015540171 n=1
FLUSH 1790015540186 n=2
FLUSH 1790015540689 n=2
FLUSH 1790015541172 n=1
FLUSH 1790015541189 n=2
FLUSH 1790015541701 n=2
FLUSH 1790015542184 n=1
FLUSH 1790015542201 n=2
FLUSH 1790015542703 n=2
FLUSH 1790015543190 n=1
FLUSH 1790015543206 n=2
FLUSH 1790015543719 n=2
FLUSH 1790015544201 n=1
FLUSH 1790015544233 n=2
FLUSH 1790015544745 n=2
FLUSH 1790015545202 n=1
FLUSH 1790015545248 n=2
FLUSH 1790015545751 n=2
FLUSH 1790015546202 n=1
FLUSH 1790015546265 n=2
FLUSH 1790015546767 n=2
FLUSH 1790015547206 n=1
FLUSH 1790015547278 n=2
FLUSH 1790015547778 n=2
FLUSH 1790015548218 n=1
FLUSH 1790015548281 n=2
FLUSH 1790015548783 n=2
FLUSH 1790015549221 n=1
FLUSH 1790015549292 n=2
FLUSH 1790015549801 n=2
FLUSH 1790015550235 n=1
FLUSH 1790015550314 n=2
FLUSH 1790015550825 n=2
FLUSH 1790015551246 n=1
FLUSH 1790015551339 n=2
FLUSH 1790015551843 n=2
FLUSH 1790015552247 n=1
FLUSH 1790015552357 n=2
FLUSH 1790015552861 n=2
FLUSH 1790015553250 n=1
FLUSH 1790015553373 n=2
FLUSH 1790015553876 n=2
FLUSH 1790015554264 n=1
FLUSH 1790015554389 n=2
FLUSH 1790015554889 n=2
FLUSH 1790015555276 n=1
FLUSH 1790015555395 n=2
FLUSH 1790015555909 n=2
FLUSH 1790015556281 n=1
FLUSH 1790015556415 n=2
FLUSH 1790015556923 n=2
FLUSH 1790015557290 n=1
FLUSH 1790015557431 n=2
FLUSH 1790015557935 n=2
FLUSH 1790015558297 n=1
FLUSH 1790015558438 n=2
FLUSH 1790015558941 n=2
FLUSH 1790015559310 n=1
FLUSH 1790015559451 n=2
FLUSH 1790015559961 n=2
FLUSH 1790015560322 n=1
FLUSH 1790015560471 n=2
FLUSH 1790015560974 n=2
FLUSH 1790015561336 n=1
FLUSH 1790015561483 n=2
FLUSH 1790015561987 n=2
FLUSH 1790015562348 n=1
FLUSH 1790015562497 n=2
FLUSH 1790015563001 n=2
FLUSH 1790015563361 n=1
FLUSH 1790015563514 n=2
FLUSH 1790015564015 n=2
FLUSH 1790015564365 n=1
FLUSH 1790015564515 n=2
FLUSH 1790015565017 n=2
FLUSH 1790015565368 n=1
FLUSH 1790015565517 n=2
FLUSH 1790015566017 n=2
FLUSH 1790015566382 n=1
FLUSH 1790015566517 n=2
FLUSH 1790015567027 n=2
FLUSH 1790015567384 n=1
FLUSH 1790015567534 n=2
FLUSH 1790015568050 n=2
FLUSH 1790015568392 n=1
FLUSH 1790015568551 n=2
FLUSH 1790015569051 n=2
FLUSH 1790015569398 n=1
FLUSH 1790015569564 n=2
FLUSH 1790015570065 n=2
FLUSH 1790015570398 n=1
FLUSH 1790015570565 n=2
FLUSH 1790015571078 n=2
FLUSH 1790015571401 n=1
FLUSH 1790015571585 n=2
FLUSH 1790015572085 n=2
FLUSH 1790015572414 n=1
FLUSH 1790015572585 n=2
FLUSH 1790015573100 n=2
FLUSH 1790015573415 n=1
FLUSH 1790015573601 n=2
FLUSH 1790015574117 n=2
FLUSH 1790015574415 n=1
FLUSH 1790015574617 n=2
FLUSH 1790015575117 n=2
FLUSH 1790015575416 n=1
FLUSH 1790015575617 n=2
FLUSH 1790015576117 n=2
FLUSH 1790015576416 n=1
FLUSH 1790015576632 n=2
FLUSH 1790015577133 n=2
FLUSH 1790015577431 n=1
FLUSH 1790015577634 n=2
FLUSH 1790015578148 n=2
FLUSH 1790015578433 n=1
FLUSH 1790015578650 n=2
FLUSH 1790015579164 n=2
FLUSH 1790015579446 n=1
FLUSH 1790015579667 n=2
FLUSH 1790015580167 n=2
FLUSH 1790015580448 n=1
FLUSH 1790015580680 n=2
FLUSH 1790015581185 n=2
FLUSH 1790015581450 n=1
FLUSH 1790015581698 n=2
FLUSH 1790015582198 n=2
FLUSH 1790015582463 n=1
FLUSH 1790015582711 n=2
FLUSH 1790015583212 n=2
FLUSH 1790015583463 n=1
FLUSH 1790015583714 n=2
FLUSH 1790015584217 n=2
FLUSH 1790015584466 n=1
FLUSH 1790015584717 n=2
FLUSH 1790015585229 n=2
FLUSH 1790015585481 n=1
FLUSH 1790015585731 n=2
FLUSH 1790015586231 n=2
FLUSH 1790015586481 n=1
FLUSH 1790015586731 n=2
FLUSH 1790015587233 n=2
FLUSH 1790015587482 n=1
FLUSH 1790015587748 n=2
FLUSH 1790015588250 n=2
FLUSH 1790015588497 n=1
FLUSH 1790015588757 n=2
FLUSH 1790015589269 n=2
FLUSH 1790015589499 n=1
FLUSH 1790015589778 n=2
FLUSH 1790015590283 n=2
FLUSH 1790015590500 n=1
FLUSH 1790015590797 n=2
FLUSH 1790015591311 n=2
FLUSH 1790015591500 n=1
FLUSH 1790015591815 n=2
FLUSH 1790015592327 n=2
FLUSH 1790015592501 n=1
FLUSH 1790015592829 n=2
FLUSH 1790015593335 n=2
FLUSH 1790015593502 n=1
FLUSH 1790015593837 n=2
FLUSH 1790015594337 n=2
FLUSH 1790015594505 n=1
FLUSH 1790015594838 n=2
FLUSH 1790015595347 n=2
FLUSH 1790015595516 n=1
FLUSH 1790015595848 n=2
FLUSH 1790015596361 n=2
FLUSH 1790015596531 n=1
FLUSH 1790015596863 n=2
FLUSH 1790015597366 n=2
FLUSH 1790015597531 n=1
FLUSH 1790015597866 n=2
FLUSH 1790015598382 n=2
FLUSH 1790015598545 n=1
FLUSH 1790015598882 n=2
FLUSH 1790015599393 n=2
FLUSH 1790015599549 n=1
FLUSH 1790015599896 n=2
FLUSH 1790015600400 n=2
FLUSH 1790015600566 n=1
FLUSH 1790015600900 n=2
FLUSH 1790015601413 n=2
FLUSH 1790015601566 n=1
FLUSH 1790015601916 n=2
FLUSH 1790015602416 n=2
FLUSH 1790015602583 n=1
FLUSH 1790015602924 n=2
FLUSH 1790015603429 n=2
FLUSH 1790015603596 n=1
FLUSH 1790015603930 n=2
FLUSH 1790015604432 n=2
FLUSH 1790015604597 n=1
FLUSH 1790015604933 n=2
FLUSH 1790015605446 n=2
FLUSH 1790015605598 n=1
FLUSH 1790015605949 n=2
FLUSH 1790015606449 n=2
FLUSH 1790015606600 n=1
FLUSH 1790015606963 n=2
FLUSH 1790015607463 n=2
FLUSH 1790015607600 n=1
FLUSH 1790015607963 n=2
FLUSH 1790015608464 n=2
FLUSH 1790015608612 n=1
FLUSH 1790015608964 n=2
FLUSH 1790015609464 n=2
FLUSH 1790015609613 n=1
FLUSH 1790015609964 n=2
FLUSH 1790015610464 n=2
FLUSH 1790015610613 n=1
FLUSH 1790015610964 n=2
FLUSH 1790015611469 n=2
FLUSH 1790015611613 n=1
FLUSH 1790015611969 n=2
FLUSH 1790015612481 n=2
FLUSH 1790015612624 n=1
FLUSH 1790015612995 n=2
FLUSH 1790015613498 n=2
FLUSH 1790015613628 n=1
FLUSH 1790015613998 n=2
FLUSH 1790015614515 n=2
FLUSH 1790015614629 n=1
FLUSH 1790015615015 n=2
FLUSH 1790015615516 n=2
FLUSH 1790015615630 n=1
