[host] embedded mode: perry staticlib in-process
[host] perry_module_init done in 16.9469ms
[host] frontend hello: {"t":"hello","proto":1,"title":"PerryTS × GPUI"}
[host] window opened
FLUSH 1790015645009 n=239
FLUSH 1790015645179 n=2
FLUSH 1790015645680 n=3
FLUSH 1790015646196 n=2
FLUSH 1790015646695 n=3
FLUSH 1790015647213 n=2
FLUSH 1790015647712 n=3
FLUSH 1790015648229 n=2
FLUSH 1790015648729 n=1
FLUSH 1790015648745 n=2
FLUSH 1790015649262 n=2
FLUSH 1790015649745 n=1
FLUSH 1790015649762 n=2
FLUSH 1790015650277 n=2
FLUSH 1790015650762 n=1
FLUSH 1790015650777 n=2
FLUSH 1790015651292 n=2
FLUSH 1790015651781 n=1
FLUSH 1790015651796 n=2
FLUSH 1790015652311 n=2
FLUSH 1790015652794 n=1
FLUSH 1790015652825 n=2
FLUSH 1790015653337 n=2
FLUSH 1790015653811 n=1
FLUSH 1790015653845 n=2
FLUSH 1790015654346 n=2
FLUSH 1790015654816 n=1
FLUSH 1790015654852 n=2
FLUSH 1790015655362 n=2
FLUSH 1790015655829 n=1
FLUSH 1790015655877 n=2
FLUSH 1790015656377 n=2
FLUSH 1790015656830 n=1
FLUSH 1790015656878 n=2
FLUSH 1790015657394 n=2
FLUSH 1790015657831 n=1
FLUSH 1790015657912 n=2
FLUSH 1790015658417 n=2
FLUSH 1790015658845 n=1
[host] click id=63 -> tx
[host] ev write: {"t":"event","target":63,"kind":"click"}
FLUSH 1790015658921 n=2
FLUSH 1790015659428 n=2
FLUSH 1790015659862 n=1
FLUSH 1790015659928 n=2
FLUSH 1790015660443 n=2
FLUSH 1790015660862 n=1
FLUSH 1790015660943 n=2
FLUSH 1790015661445 n=2
FLUSH 1790015661862 n=1
FLUSH 1790015661950 n=2
FLUSH 1790015662445 n=2
FLUSH 1790015662878 n=1
FLUSH 1790015662961 n=2
FLUSH 1790015663477 n=2
FLUSH 1790015663894 n=1
FLUSH 1790015663978 n=2
FLUSH 1790015664477 n=2
FLUSH 1790015664896 n=1
FLUSH 1790015664995 n=2
FLUSH 1790015665509 n=2
FLUSH 1790015665907 n=1
FLUSH 1790015666011 n=2
FLUSH 1790015666511 n=2
FLUSH 1790015666912 n=1
FLUSH 1790015667027 n=2
FLUSH 1790015667527 n=2
FLUSH 1790015667909 n=1
FLUSH 1790015668044 n=2
FLUSH 1790015668561 n=2
FLUSH 1790015668910 n=1
FLUSH 1790015669077 n=2
FLUSH 1790015669592 n=2
FLUSH 1790015669921 n=1
FLUSH 1790015670095 n=2
FLUSH 1790015670599 n=2
FLUSH 1790015670927 n=1
FLUSH 1790015671100 n=2
FLUSH 1790015671610 n=2
FLUSH 1790015671945 n=1
FLUSH 1790015672113 n=2
FLUSH 1790015672618 n=2
FLUSH 1790015672948 n=1
FLUSH 1790015673131 n=2
FLUSH 1790015673645 n=2
FLUSH 1790015673957 n=1
FLUSH 1790015674151 n=2
FLUSH 1790015674658 n=2
FLUSH 1790015674966 n=1
FLUSH 1790015675170 n=2
FLUSH 1790015675675 n=2
FLUSH 1790015675976 n=1
FLUSH 1790015676184 n=2
FLUSH 1790015676682 n=2
FLUSH 1790015676981 n=1
FLUSH 1790015677194 n=2
FLUSH 1790015677698 n=2
FLUSH 1790015677995 n=1
FLUSH 1790015678199 n=2
FLUSH 1790015678715 n=2
FLUSH 1790015678998 n=1
FLUSH 1790015679216 n=2
FLUSH 1790015679730 n=2
FLUSH 1790015680003 n=1
FLUSH 1790015680231 n=2
FLUSH 1790015680732 n=2
FLUSH 1790015681003 n=1
FLUSH 1790015681245 n=2
FLUSH 1790015681752 n=2
FLUSH 1790015682014 n=1
FLUSH 1790015682262 n=2
FLUSH 1790015682767 n=2
FLUSH 1790015683021 n=1
FLUSH 1790015683273 n=2
FLUSH 1790015683776 n=2
FLUSH 1790015684031 n=1
FLUSH 1790015684289 n=2
FLUSH 1790015684794 n=2
FLUSH 1790015685042 n=1
FLUSH 1790015685307 n=2
FLUSH 1790015685812 n=2
FLUSH 1790015686046 n=1
FLUSH 1790015686313 n=2
FLUSH 1790015686826 n=2
FLUSH 1790015687054 n=1
FLUSH 1790015687343 n=2
FLUSH 1790015687846 n=2
FLUSH 1790015688055 n=1
FLUSH 1790015688352 n=2
FLUSH 1790015688860 n=2
FLUSH 1790015689063 n=1
FLUSH 1790015689357 n=2
FLUSH 1790015689873 n=2
FLUSH 1790015690078 n=1
FLUSH 1790015690380 n=2
FLUSH 1790015690891 n=2
FLUSH 1790015691080 n=1
FLUSH 1790015691405 n=2
FLUSH 1790015691907 n=2
FLUSH 1790015692095 n=1
FLUSH 1790015692407 n=2
FLUSH 1790015692916 n=2
FLUSH 1790015693102 n=1
FLUSH 1790015693422 n=2
FLUSH 1790015693933 n=2
FLUSH 1790015694113 n=1
FLUSH 1790015694431 n=2
FLUSH 1790015694942 n=2
FLUSH 1790015695124 n=1
FLUSH 1790015695442 n=2
FLUSH 1790015695960 n=2
FLUSH 1790015696143 n=1
FLUSH 1790015696461 n=2
FLUSH 1790015696973 n=2
FLUSH 1790015697160 n=1
FLUSH 1790015697475 n=2
FLUSH 1790015697976 n=2
FLUSH 1790015698177 n=1
FLUSH 1790015698493 n=2
FLUSH 1790015699005 n=2
FLUSH 1790015699192 n=1
FLUSH 1790015699510 n=2
FLUSH 1790015700010 n=2
FLUSH 1790015700211 n=1
FLUSH 1790015700526 n=2
FLUSH 1790015701026 n=2
FLUSH 1790015701228 n=1
FLUSH 1790015701543 n=2
FLUSH 1790015702043 n=2
FLUSH 1790015702244 n=1
FLUSH 1790015702549 n=2
FLUSH 1790015703065 n=2
FLUSH 1790015703258 n=1
FLUSH 1790015703579 n=2
FLUSH 1790015704086 n=2
FLUSH 1790015704261 n=1
FLUSH 1790015704595 n=2
FLUSH 1790015705107 n=2
FLUSH 1790015705264 n=1
FLUSH 1790015705616 n=2
FLUSH 1790015706131 n=2
FLUSH 1790015706275 n=1
FLUSH 1790015706627 n=2
FLUSH 1790015707143 n=2
FLUSH 1790015707291 n=1
FLUSH 1790015707643 n=2
FLUSH 1790015708143 n=2
FLUSH 1790015708309 n=1
FLUSH 1790015708660 n=2
FLUSH 1790015709174 n=2
FLUSH 1790015709308 n=1
FLUSH 1790015709674 n=2
FLUSH 1790015710193 n=2
FLUSH 1790015710320 n=1
FLUSH 1790015710692 n=2
FLUSH 1790015711209 n=2
FLUSH 1790015711321 n=1
FLUSH 1790015711726 n=2
FLUSH 1790015712224 n=2
FLUSH 1790015712323 n=1
FLUSH 1790015712742 n=2
FLUSH 1790015713259 n=2
FLUSH 1790015713327 n=1
FLUSH 1790015713753 n=2
FLUSH 1790015714256 n=2
FLUSH 1790015714341 n=1
FLUSH 1790015714757 n=2
FLUSH 1790015715259 n=2
FLUSH 1790015715342 n=1
FLUSH 1790015715775 n=2
FLUSH 1790015716291 n=2
FLUSH 1790015716359 n=1
FLUSH 1790015716807 n=2
FLUSH 1790015717316 n=2
FLUSH 1790015717363 n=1
FLUSH 1790015717825 n=2
FLUSH 1790015718346 n=2
FLUSH 1790015718380 n=1
FLUSH 1790015718841 n=2
FLUSH 1790015719358 n=2
FLUSH 1790015719389 n=1
FLUSH 1790015719874 n=2
FLUSH 1790015720379 n=2
FLUSH 1790015720394 n=1
FLUSH 1790015720892 n=2
FLUSH 1790015721393 n=2
FLUSH 1790015721407 n=1
FLUSH 1790015721906 n=2
FLUSH 1790015722426 n=3
FLUSH 1790015722932 n=2
FLUSH 1790015723424 n=1
FLUSH 1790015723443 n=2
FLUSH 1790015723958 n=2
FLUSH 1790015724442 n=1
FLUSH 1790015724476 n=2
FLUSH 1790015724992 n=2
FLUSH 1790015725440 n=1
FLUSH 1790015725492 n=2
FLUSH 1790015725988 n=2
FLUSH 1790015726456 n=1
FLUSH 1790015726509 n=2
FLUSH 1790015727009 n=2
FLUSH 1790015727475 n=1
FLUSH 1790015727524 n=2
FLUSH 1790015728042 n=2
FLUSH 1790015728491 n=1
FLUSH 1790015728542 n=2
FLUSH 1790015729057 n=2
FLUSH 1790015729507 n=1
FLUSH 1790015729574 n=2
FLUSH 1790015730075 n=2
FLUSH 1790015730508 n=1
FLUSH 1790015730592 n=2
FLUSH 1790015731091 n=2
FLUSH 1790015731525 n=1
FLUSH 1790015731609 n=2
FLUSH 1790015732108 n=2
FLUSH 1790015732539 n=1
FLUSH 1790015732608 n=2
FLUSH 1790015733125 n=2
FLUSH 1790015733540 n=1
FLUSH 1790015733642 n=2
FLUSH 1790015734140 n=2
FLUSH 1790015734560 n=1
FLUSH 1790015734659 n=2
FLUSH 1790015735169 n=2
FLUSH 1790015735556 n=1
FLUSH 1790015735675 n=2
FLUSH 1790015736191 n=2
FLUSH 1790015736572 n=1
FLUSH 1790015736691 n=2
FLUSH 1790015737208 n=2
FLUSH 1790015737591 n=1
FLUSH 1790015737723 n=2
FLUSH 1790015738223 n=2
FLUSH 1790015738609 n=1
FLUSH 1790015738739 n=2
FLUSH 1790015739241 n=2
FLUSH 1790015739624 n=1
FLUSH 1790015739759 n=2
FLUSH 1790015740258 n=2
FLUSH 1790015740641 n=1
FLUSH 1790015740774 n=2
FLUSH 1790015741292 n=2
FLUSH 1790015741642 n=1
FLUSH 1790015741789 n=2
FLUSH 1790015742306 n=2
FLUSH 1790015742658 n=1
FLUSH 1790015742806 n=2
FLUSH 1790015743318 n=2
FLUSH 1790015743659 n=1
FLUSH 1790015743822 n=2
FLUSH 1790015744326 n=2
FLUSH 1790015744674 n=1
FLUSH 1790015744838 n=2
FLUSH 1790015745341 n=2
FLUSH 1790015745674 n=1
FLUSH 1790015745840 n=2
FLUSH 1790015746356 n=2
FLUSH 1790015746691 n=1
FLUSH 1790015746875 n=2
FLUSH 1790015747375 n=2
FLUSH 1790015747690 n=1
FLUSH 1790015747874 n=2
FLUSH 1790015748390 n=2
FLUSH 1790015748708 n=1
FLUSH 1790015748904 n=2
FLUSH 1790015749405 n=2
FLUSH 1790015749724 n=1
FLUSH 1790015749907 n=2
FLUSH 1790015750424 n=2
FLUSH 1790015750722 n=1
FLUSH 1790015750939 n=2
FLUSH 1790015751458 n=2
FLUSH 1790015751742 n=1
FLUSH 1790015751971 n=2
FLUSH 1790015752473 n=2
FLUSH 1790015752740 n=1
FLUSH 1790015752973 n=2
FLUSH 1790015753490 n=2
FLUSH 1790015753757 n=1
FLUSH 1790015754007 n=2
FLUSH 1790015754507 n=2
FLUSH 1790015754756 n=1
FLUSH 1790015755023 n=2
FLUSH 1790015755524 n=2
FLUSH 1790015755759 n=1
FLUSH 1790015756041 n=2
FLUSH 1790015756542 n=2
FLUSH 1790015756774 n=1
FLUSH 1790015757056 n=2
FLUSH 1790015757561 n=2
FLUSH 1790015757795 n=1
FLUSH 1790015758074 n=2
FLUSH 1790015758578 n=2
FLUSH 1790015758808 n=1
FLUSH 1790015759079 n=2
FLUSH 1790015759589 n=2
FLUSH 1790015759806 n=1
FLUSH 1790015760090 n=2
FLUSH 1790015760592 n=2
FLUSH 1790015760821 n=1
FLUSH 1790015761106 n=2
FLUSH 1790015761607 n=2
FLUSH 1790015761841 n=1
FLUSH 1790015762126 n=2
FLUSH 1790015762641 n=2
FLUSH 1790015762851 n=1
FLUSH 1790015763140 n=2
FLUSH 1790015763640 n=2
FLUSH 1790015763856 n=1
FLUSH 1790015764156 n=2
FLUSH 1790015764657 n=2
FLUSH 1790015764857 n=1
FLUSH 1790015765168 n=2
FLUSH 1790015765672 n=2
FLUSH 1790015765872 n=1
FLUSH 1790015766172 n=2
FLUSH 1790015766673 n=2
FLUSH 1790015766891 n=1
FLUSH 1790015767191 n=2
FLUSH 1790015767688 n=2
FLUSH 1790015767890 n=1
FLUSH 1790015768190 n=2
FLUSH 1790015768708 n=2
FLUSH 1790015768903 n=1
FLUSH 1790015769205 n=2
FLUSH 1790015769715 n=2
FLUSH 1790015769918 n=1
FLUSH 1790015770224 n=2
FLUSH 1790015770738 n=2
FLUSH 1790015770924 n=1
FLUSH 1790015771242 n=2
FLUSH 1790015771757 n=2
FLUSH 1790015771942 n=1
FLUSH 1790015772257 n=2
FLUSH 1790015772775 n=2
FLUSH 1790015772955 n=1
FLUSH 1790015773291 n=2
FLUSH 1790015773808 n=2
FLUSH 1790015773957 n=1
FLUSH 1790015774307 n=2
FLUSH 1790015774824 n=2
FLUSH 1790015774973 n=1
FLUSH 1790015775339 n=2
FLUSH 1790015775857 n=2
FLUSH 1790015775990 n=1
FLUSH 1790015776356 n=2
FLUSH 1790015776872 n=2
FLUSH 1790015777006 n=1
FLUSH 1790015777372 n=2
FLUSH 1790015777890 n=2
FLUSH 1790015778024 n=1
FLUSH 1790015778405 n=2
FLUSH 1790015778923 n=2
FLUSH 1790015779023 n=1
FLUSH 1790015779422 n=2
FLUSH 1790015779925 n=2
FLUSH 1790015780022 n=1
FLUSH 1790015780439 n=2
FLUSH 1790015780957 n=2
FLUSH 1790015781038 n=1
FLUSH 1790015781472 n=2
FLUSH 1790015781989 n=2
FLUSH 1790015782037 n=1
FLUSH 1790015782490 n=2
FLUSH 1790015783005 n=2
FLUSH 1790015783056 n=1
FLUSH 1790015783505 n=2
FLUSH 1790015784022 n=2
FLUSH 1790015784055 n=1
FLUSH 1790015784541 n=2
FLUSH 1790015785056 n=2
FLUSH 1790015785072 n=1
FLUSH 1790015785556 n=2
FLUSH 1790015786072 n=3
FLUSH 1790015786590 n=2
FLUSH 1790015787090 n=3
FLUSH 1790015787590 n=2
FLUSH 1790015788096 n=3
FLUSH 1790015788605 n=2
FLUSH 1790015789105 n=1
FLUSH 1790015789129 n=2
FLUSH 1790015789629 n=2
FLUSH 1790015790113 n=1
FLUSH 1790015790131 n=2
FLUSH 1790015790640 n=2
FLUSH 1790015791117 n=1
FLUSH 1790015791148 n=2
FLUSH 1790015791650 n=2
FLUSH 1790015792121 n=1
FLUSH 1790015792152 n=2
FLUSH 1790015792656 n=2
FLUSH 1790015793135 n=1
FLUSH 1790015793166 n=2
FLUSH 1790015793681 n=2
FLUSH 1790015794149 n=1
FLUSH 1790015794191 n=2
FLUSH 1790015794687 n=2
FLUSH 1790015795149 n=1
FLUSH 1790015795197 n=2
FLUSH 1790015795706 n=2
FLUSH 1790015796157 n=1
FLUSH 1790015796220 n=2
FLUSH 1790015796729 n=2
FLUSH 1790015797168 n=1
FLUSH 1790015797231 n=2
FLUSH 1790015797734 n=2
FLUSH 1790015798179 n=1
FLUSH 1790015798236 n=2
FLUSH 1790015798749 n=2
FLUSH 1790015799193 n=1
FLUSH 1790015799256 n=2
FLUSH 1790015799768 n=2
FLUSH 1790015800200 n=1
FLUSH 1790015800278 n=2
FLUSH 1790015800789 n=2
FLUSH 1790015801208 n=1
FLUSH 1790015801298 n=2
FLUSH 1790015801802 n=2
FLUSH 1790015802221 n=1
FLUSH 1790015802315 n=2
FLUSH 1790015802824 n=2
FLUSH 1790015803225 n=1
FLUSH 1790015803335 n=2
FLUSH 1790015803849 n=2
FLUSH 1790015804229 n=1
FLUSH 1790015804355 n=2
FLUSH 1790015804864 n=2
FLUSH 1790015805239 n=1
FLUSH 1790015805379 n=2
FLUSH 1790015805894 n=2
FLUSH 1790015806245 n=1
FLUSH 1790015806398 n=2
FLUSH 1790015806914 n=2
FLUSH 1790015807256 n=1
FLUSH 1790015807428 n=2
FLUSH 1790015807932 n=2
FLUSH 1790015808269 n=1
FLUSH 1790015808446 n=2
FLUSH 1790015808939 n=2
FLUSH 1790015809280 n=1
FLUSH 1790015809448 n=2
FLUSH 1790015809950 n=2
FLUSH 1790015810288 n=1
FLUSH 1790015810461 n=2
FLUSH 1790015810970 n=2
FLUSH 1790015811297 n=1
FLUSH 1790015811490 n=2
FLUSH 1790015811993 n=2
FLUSH 1790015812307 n=1
FLUSH 1790015812495 n=2
FLUSH 1790015813008 n=2
FLUSH 1790015813322 n=1
FLUSH 1790015813518 n=2
FLUSH 1790015814023 n=2
FLUSH 1790015814333 n=1
FLUSH 1790015814529 n=2
FLUSH 1790015815037 n=2
FLUSH 1790015815334 n=1
FLUSH 1790015815552 n=2
FLUSH 1790015816054 n=2
FLUSH 1790015816339 n=1
FLUSH 1790015816572 n=2
FLUSH 1790015817082 n=2
FLUSH 1790015817340 n=1
FLUSH 1790015817585 n=2
FLUSH 1790015818088 n=2
FLUSH 1790015818355 n=1
FLUSH 1790015818603 n=2
FLUSH 1790015819121 n=2
FLUSH 1790015819369 n=1
FLUSH 1790015819641 n=2
FLUSH 1790015820139 n=2
FLUSH 1790015820388 n=1
FLUSH 1790015820658 n=2
FLUSH 1790015821172 n=2
FLUSH 1790015821392 n=1
FLUSH 1790015821672 n=2
FLUSH 1790015822188 n=2
FLUSH 1790015822404 n=1
FLUSH 1790015822688 n=2
FLUSH 1790015823205 n=2
FLUSH 1790015823421 n=1
FLUSH 1790015823721 n=2
FLUSH 1790015824236 n=2
FLUSH 1790015824437 n=1
FLUSH 1790015824737 n=2
FLUSH 1790015825237 n=2
FLUSH 1790015825438 n=1
FLUSH 1790015825751 n=2
FLUSH 1790015826253 n=2
FLUSH 1790015826454 n=1
FLUSH 1790015826769 n=2
FLUSH 1790015827270 n=2
FLUSH 1790015827470 n=1
FLUSH 1790015827788 n=2
FLUSH 1790015828289 n=2
FLUSH 1790015828471 n=1
FLUSH 1790015828800 n=2
FLUSH 1790015829303 n=2
FLUSH 1790015829472 n=1
FLUSH 1790015829820 n=2
FLUSH 1790015830320 n=2
FLUSH 1790015830487 n=1
FLUSH 1790015830834 n=2
FLUSH 1790015831336 n=2
FLUSH 1790015831504 n=1
FLUSH 1790015831854 n=2
FLUSH 1790015832355 n=2
FLUSH 1790015832504 n=1
FLUSH 1790015832870 n=2
FLUSH 1790015833387 n=2
FLUSH 1790015833520 n=1
FLUSH 1790015833888 n=2
FLUSH 1790015834389 n=2
FLUSH 1790015834538 n=1
FLUSH 1790015834903 n=2
FLUSH 1790015835424 n=2
FLUSH 1790015835536 n=1
FLUSH 1790015835921 n=2
FLUSH 1790015836436 n=2
FLUSH 1790015836554 n=1
FLUSH 1790015836954 n=2
FLUSH 1790015837454 n=2
FLUSH 1790015837559 n=1
FLUSH 1790015837963 n=2
FLUSH 1790015838466 n=2
FLUSH 1790015838571 n=1
FLUSH 1790015838971 n=2
FLUSH 1790015839487 n=2
FLUSH 1790015839582 n=1
FLUSH 1790015840001 n=2
FLUSH 1790015840506 n=2
FLUSH 1790015840590 n=1
FLUSH 1790015841022 n=2
FLUSH 1790015841537 n=2
FLUSH 1790015841602 n=1
FLUSH 1790015842044 n=2
FLUSH 1790015842551 n=2
FLUSH 1790015842621 n=1
FLUSH 1790015843053 n=2
FLUSH 1790015843553 n=2
FLUSH 1790015843618 n=1
FLUSH 1790015844054 n=2
FLUSH 1790015844569 n=2
FLUSH 1790015844620 n=1
FLUSH 1790015845088 n=2
FLUSH 1790015845603 n=2
FLUSH 1790015845638 n=1
FLUSH 1790015846113 n=2
FLUSH 1790015846625 n=2
FLUSH 1790015846638 n=1
FLUSH 1790015847127 n=2
FLUSH 1790015847639 n=3
FLUSH 1790015848154 n=2
FLUSH 1790015848658 n=3
FLUSH 1790015849169 n=2
FLUSH 1790015849654 n=1
FLUSH 1790015849669 n=2
FLUSH 1790015850187 n=2
FLUSH 1790015850669 n=1
FLUSH 1790015850687 n=2
FLUSH 1790015851191 n=2
FLUSH 1790015851687 n=1
FLUSH 1790015851703 n=2
FLUSH 1790015852214 n=2
FLUSH 1790015852701 n=1
FLUSH 1790015852717 n=2
FLUSH 1790015853225 n=2
FLUSH 1790015853705 n=1
FLUSH 1790015853720 n=2
FLUSH 1790015854236 n=2
FLUSH 1790015854719 n=1
FLUSH 1790015854753 n=2
FLUSH 1790015855252 n=2
FLUSH 1790015855721 n=1
FLUSH 1790015855756 n=2
FLUSH 1790015856254 n=2
FLUSH 1790015856737 n=1
FLUSH 1790015856772 n=2
FLUSH 1790015857276 n=2
FLUSH 1790015857754 n=1
FLUSH 1790015857793 n=2
FLUSH 1790015858286 n=2
FLUSH 1790015858759 n=1
FLUSH 1790015858804 n=2
FLUSH 1790015859309 n=2
FLUSH 1790015859759 n=1
FLUSH 1790015859824 n=2
FLUSH 1790015860336 n=2
FLUSH 1790015860771 n=1
FLUSH 1790015860836 n=2
FLUSH 1790015861353 n=2
FLUSH 1790015861770 n=1
FLUSH 1790015861853 n=2
FLUSH 1790015862369 n=2
FLUSH 1790015862788 n=1
FLUSH 1790015862887 n=2
FLUSH 1790015863391 n=2
FLUSH 1790015863787 n=1
FLUSH 1790015863902 n=2
FLUSH 1790015864414 n=2
FLUSH 1790015864804 n=1
FLUSH 1790015864920 n=2
FLUSH 1790015865420 n=2
FLUSH 1790015865820 n=1
FLUSH 1790015865934 n=2
FLUSH 1790015866437 n=2
FLUSH 1790015866820 n=1
FLUSH 1790015866954 n=2
FLUSH 1790015867454 n=2
FLUSH 1790015867820 n=1
FLUSH 1790015867970 n=2
FLUSH 1790015868487 n=2
FLUSH 1790015868835 n=1
FLUSH 1790015869004 n=2
FLUSH 1790015869520 n=2
FLUSH 1790015869851 n=1
FLUSH 1790015870035 n=2
FLUSH 1790015870535 n=2
FLUSH 1790015870855 n=1
FLUSH 1790015871053 n=2
FLUSH 1790015871553 n=2
FLUSH 1790015871870 n=1
FLUSH 1790015872053 n=2
FLUSH 1790015872568 n=2
FLUSH 1790015872891 n=1
FLUSH 1790015873086 n=2
FLUSH 1790015873601 n=2
FLUSH 1790015873899 n=1
FLUSH 1790015874116 n=2
FLUSH 1790015874623 n=2
FLUSH 1790015874905 n=1
FLUSH 1790015875128 n=2
FLUSH 1790015875632 n=2
FLUSH 1790015875920 n=1
FLUSH 1790015876135 n=2
FLUSH 1790015876639 n=2
FLUSH 1790015876919 n=1
FLUSH 1790015877146 n=2
FLUSH 1790015877653 n=2
FLUSH 1790015877936 n=1
FLUSH 1790015878153 n=2
FLUSH 1790015878665 n=2
FLUSH 1790015878933 n=1
FLUSH 1790015879169 n=2
FLUSH 1790015879669 n=2
FLUSH 1790015879935 n=1
FLUSH 1790015880186 n=2
FLUSH 1790015880686 n=2
FLUSH 1790015880935 n=1
FLUSH 1790015881202 n=2
FLUSH 1790015881718 n=2
FLUSH 1790015881951 n=1
FLUSH 1790015882237 n=2
FLUSH 1790015882752 n=2
FLUSH 1790015882965 n=1
FLUSH 1790015883252 n=2
FLUSH 1790015883767 n=2
FLUSH 1790015883964 n=1
FLUSH 1790015884267 n=2
FLUSH 1790015884768 n=2
FLUSH 1790015884968 n=1
FLUSH 1790015885284 n=2
FLUSH 1790015885803 n=2
FLUSH 1790015885967 n=1
FLUSH 1790015886301 n=2
FLUSH 1790015886801 n=2
FLUSH 1790015886980 n=1
FLUSH 1790015887319 n=2
FLUSH 1790015887818 n=2
FLUSH 1790015887984 n=1
FLUSH 1790015888335 n=2
FLUSH 1790015888835 n=2
FLUSH 1790015889000 n=1
FLUSH 1790015889352 n=2
FLUSH 1790015889853 n=2
FLUSH 1790015890004 n=1
FLUSH 1790015890369 n=2
FLUSH 1790015890886 n=2
FLUSH 1790015891018 n=1
FLUSH 1790015891386 n=2
FLUSH 1790015891902 n=2
FLUSH 1790015892019 n=1
FLUSH 1790015892418 n=2
FLUSH 1790015892934 n=2
FLUSH 1790015893034 n=1
FLUSH 1790015893435 n=2
FLUSH 1790015893951 n=2
FLUSH 1790015894035 n=1
FLUSH 1790015894452 n=2
FLUSH 1790015894968 n=2
FLUSH 1790015895048 n=1
FLUSH 1790015895468 n=2
FLUSH 1790015895969 n=2
FLUSH 1790015896053 n=1
FLUSH 1790015896485 n=2
FLUSH 1790015896987 n=2
FLUSH 1790015897052 n=1
FLUSH 1790015897486 n=2
FLUSH 1790015898002 n=2
FLUSH 1790015898069 n=1
FLUSH 1790015898519 n=2
FLUSH 1790015899018 n=2
FLUSH 1790015899086 n=1
FLUSH 1790015899537 n=2
FLUSH 1790015900052 n=2
FLUSH 1790015900102 n=1
FLUSH 1790015900571 n=2
FLUSH 1790015901087 n=2
FLUSH 1790015901102 n=1
FLUSH 1790015901603 n=2
FLUSH 1790015902122 n=3
FLUSH 1790015902635 n=2
FLUSH 1790015903138 n=1
FLUSH 1790015903153 n=2
FLUSH 1790015903655 n=2
FLUSH 1790015904137 n=1
FLUSH 1790015904186 n=2
FLUSH 1790015904685 n=2
FLUSH 1790015905153 n=1
FLUSH 1790015905200 n=2
FLUSH 1790015905702 n=2
FLUSH 1790015906152 n=1
FLUSH 1790015906203 n=2
FLUSH 1790015906718 n=2
FLUSH 1790015907167 n=1
FLUSH 1790015907233 n=2
FLUSH 1790015907734 n=2
FLUSH 1790015908185 n=1
FLUSH 1790015908234 n=2
FLUSH 1790015908751 n=2
FLUSH 1790015909186 n=1
FLUSH 1790015909251 n=2
FLUSH 1790015909751 n=2
FLUSH 1790015910185 n=1
FLUSH 1790015910251 n=2
FLUSH 1790015910766 n=2
FLUSH 1790015911201 n=1
FLUSH 1790015911268 n=2
FLUSH 1790015911785 n=2
FLUSH 1790015912201 n=1
FLUSH 1790015912301 n=2
FLUSH 1790015912804 n=2
FLUSH 1790015913218 n=1
FLUSH 1790015913318 n=2
FLUSH 1790015913832 n=2
FLUSH 1790015914218 n=1
FLUSH 1790015914333 n=2
FLUSH 1790015914834 n=2
FLUSH 1790015915230 n=1
FLUSH 1790015915333 n=2
FLUSH 1790015915852 n=2
FLUSH 1790015916235 n=1
FLUSH 1790015916367 n=2
FLUSH 1790015916884 n=2
FLUSH 1790015917250 n=1
FLUSH 1790015917385 n=2
FLUSH 1790015917899 n=2
FLUSH 1790015918251 n=1
FLUSH 1790015918417 n=2
FLUSH 1790015918934 n=2
FLUSH 1790015919267 n=1
FLUSH 1790015919434 n=2
FLUSH 1790015919951 n=2
FLUSH 1790015920284 n=1
FLUSH 1790015920466 n=2
FLUSH 1790015920983 n=2
FLUSH 1790015921299 n=1
FLUSH 1790015921485 n=2
FLUSH 1790015921984 n=2
FLUSH 1790015922301 n=1
FLUSH 1790015922502 n=2
FLUSH 1790015923000 n=2
FLUSH 1790015923300 n=1
FLUSH 1790015923519 n=2
FLUSH 1790015924020 n=2
FLUSH 1790015924303 n=1
FLUSH 1790015924537 n=2
FLUSH 1790015925038 n=2
FLUSH 1790015925307 n=1
FLUSH 1790015925540 n=2
FLUSH 1790015926051 n=2
FLUSH 1790015926302 n=1
FLUSH 1790015926569 n=2
FLUSH 1790015927090 n=2
FLUSH 1790015927323 n=1
FLUSH 1790015927590 n=2
FLUSH 1790015928105 n=2
FLUSH 1790015928322 n=1
FLUSH 1790015928605 n=2
FLUSH 1790015929117 n=2
FLUSH 1790015929334 n=1
FLUSH 1790015929617 n=2
FLUSH 1790015930134 n=2
FLUSH 1790015930335 n=1
FLUSH 1790015930650 n=2
FLUSH 1790015931166 n=2
FLUSH 1790015931351 n=1
FLUSH 1790015931686 n=2
FLUSH 1790015932185 n=2
FLUSH 1790015932366 n=1
FLUSH 1790015932684 n=2
FLUSH 1790015933184 n=2
FLUSH 1790015933382 n=1
FLUSH 1790015933697 n=2
FLUSH 1790015934201 n=2
FLUSH 1790015934400 n=1
FLUSH 1790015934700 n=2
FLUSH 1790015935215 n=2
FLUSH 1790015935416 n=1
FLUSH 1790015935716 n=2
FLUSH 1790015936233 n=2
FLUSH 1790015936432 n=1
FLUSH 1790015936734 n=2
FLUSH 1790015937251 n=2
FLUSH 1790015937451 n=1
FLUSH 1790015937750 n=2
FLUSH 1790015938266 n=2
FLUSH 1790015938448 n=1
FLUSH 1790015938782 n=2
FLUSH 1790015939282 n=2
FLUSH 1790015939450 n=1
FLUSH 1790015939783 n=2
FLUSH 1790015940300 n=2
FLUSH 1790015940449 n=1
FLUSH 1790015940815 n=2
FLUSH 1790015941332 n=2
FLUSH 1790015941469 n=1
FLUSH 1790015941850 n=2
FLUSH 1790015942365 n=2
FLUSH 1790015942484 n=1
FLUSH 1790015942879 n=2
FLUSH 1790015943383 n=2
FLUSH 1790015943482 n=1
FLUSH 1790015943897 n=2
FLUSH 1790015944399 n=2
FLUSH 1790015944482 n=1
FLUSH 1790015944919 n=2
FLUSH 1790015945433 n=2
FLUSH 1790015945497 n=1
FLUSH 1790015945950 n=2
FLUSH 1790015946451 n=2
FLUSH 1790015946499 n=1
FLUSH 1790015946966 n=2
FLUSH 1790015947466 n=2
FLUSH 1790015947515 n=1
FLUSH 1790015947967 n=2
FLUSH 1790015948466 n=2
FLUSH 1790015948533 n=1
FLUSH 1790015948968 n=2
FLUSH 1790015949482 n=2
FLUSH 1790015949549 n=1
FLUSH 1790015949984 n=2
FLUSH 1790015950500 n=2
FLUSH 1790015950550 n=1
FLUSH 1790015951016 n=2
FLUSH 1790015951533 n=2
FLUSH 1790015951549 n=1
FLUSH 1790015952031 n=2
FLUSH 1790015952532 n=2
FLUSH 1790015952566 n=1
FLUSH 1790015953049 n=2
FLUSH 1790015953566 n=2
FLUSH 1790015953582 n=1
FLUSH 1790015954066 n=2
FLUSH 1790015954583 n=3
FLUSH 1790015955099 n=2
FLUSH 1790015955582 n=1
FLUSH 1790015955597 n=2
FLUSH 1790015956113 n=2
FLUSH 1790015956598 n=1
FLUSH 1790015956616 n=2
FLUSH 1790015957116 n=2
FLUSH 1790015957598 n=1
FLUSH 1790015957632 n=2
FLUSH 1790015958149 n=2
FLUSH 1790015958616 n=1
FLUSH 1790015958664 n=2
FLUSH 1790015959179 n=2
FLUSH 1790015959617 n=1
FLUSH 1790015959683 n=2
FLUSH 1790015960183 n=2
FLUSH 1790015960616 n=1
FLUSH 1790015960698 n=2
FLUSH 1790015961213 n=2
FLUSH 1790015961616 n=1
FLUSH 1790015961716 n=2
FLUSH 1790015962216 n=2
FLUSH 1790015962633 n=1
FLUSH 1790015962733 n=2
FLUSH 1790015963233 n=2
FLUSH 1790015963649 n=1
FLUSH 1790015963749 n=2
FLUSH 1790015964264 n=2
FLUSH 1790015964666 n=1
FLUSH 1790015964782 n=2
FLUSH 1790015965283 n=2
FLUSH 1790015965682 n=1
FLUSH 1790015965799 n=2
FLUSH 1790015966300 n=2
FLUSH 1790015966699 n=1
FLUSH 1790015966815 n=2
FLUSH 1790015967333 n=2
FLUSH 1790015967698 n=1
FLUSH 1790015967832 n=2
FLUSH 1790015968350 n=2
FLUSH 1790015968698 n=1
FLUSH 1790015968864 n=2
FLUSH 1790015969364 n=2
FLUSH 1790015969699 n=1
FLUSH 1790015969880 n=2
FLUSH 1790015970397 n=2
FLUSH 1790015970716 n=1
FLUSH 1790015970899 n=2
FLUSH 1790015971416 n=2
FLUSH 1790015971732 n=1
FLUSH 1790015971932 n=2
FLUSH 1790015972450 n=2
FLUSH 1790015972732 n=1
FLUSH 1790015972948 n=2
FLUSH 1790015973466 n=2
FLUSH 1790015973733 n=1
FLUSH 1790015973979 n=2
FLUSH 1790015974480 n=2
FLUSH 1790015974748 n=1
FLUSH 1790015975000 n=2
FLUSH 1790015975514 n=2
FLUSH 1790015975747 n=1
FLUSH 1790015976032 n=2
FLUSH 1790015976532 n=2
FLUSH 1790015976763 n=1
FLUSH 1790015977030 n=2
FLUSH 1790015977532 n=2
FLUSH 1790015977764 n=1
FLUSH 1790015978048 n=2
FLUSH 1790015978549 n=2
FLUSH 1790015978781 n=1
FLUSH 1790015979064 n=2
FLUSH 1790015979565 n=2
FLUSH 1790015979781 n=1
FLUSH 1790015980089 n=2
FLUSH 1790015980582 n=2
FLUSH 1790015980782 n=1
FLUSH 1790015981097 n=2
FLUSH 1790015981598 n=2
FLUSH 1790015981798 n=1
FLUSH 1790015982098 n=2
FLUSH 1790015982614 n=2
FLUSH 1790015982799 n=1
FLUSH 1790015983115 n=2
FLUSH 1790015983632 n=2
FLUSH 1790015983813 n=1
FLUSH 1790015984146 n=2
FLUSH 1790015984665 n=2
FLUSH 1790015984829 n=1
FLUSH 1790015985174 n=2
FLUSH 1790015985683 n=2
FLUSH 1790015985831 n=1
FLUSH 1790015986192 n=2
FLUSH 1790015986695 n=2
FLUSH 1790015986848 n=1
FLUSH 1790015987197 n=2
FLUSH 1790015987697 n=2
FLUSH 1790015987849 n=1
FLUSH 1790015988215 n=2
FLUSH 1790015988730 n=2
FLUSH 1790015988849 n=1
FLUSH 1790015989248 n=2
FLUSH 1790015989745 n=2
FLUSH 1790015989864 n=1
FLUSH 1790015990249 n=2
FLUSH 1790015990762 n=2
FLUSH 1790015990881 n=1
FLUSH 1790015991264 n=2
FLUSH 1790015991783 n=2
FLUSH 1790015991881 n=1
FLUSH 1790015992296 n=2
FLUSH 1790015992798 n=2
FLUSH 1790015992880 n=1
FLUSH 1790015993312 n=2
FLUSH 1790015993822 n=2
FLUSH 1790015993896 n=1
FLUSH 1790015994330 n=2
FLUSH 1790015994848 n=2
FLUSH 1790015994897 n=1
FLUSH 1790015995348 n=2
FLUSH 1790015995864 n=2
FLUSH 1790015995915 n=1
FLUSH 1790015996364 n=2
FLUSH 1790015996864 n=2
FLUSH 1790015996914 n=1
FLUSH 1790015997375 n=2
FLUSH 1790015997897 n=2
FLUSH 1790015997928 n=1
FLUSH 1790015998399 n=2
FLUSH 1790015998914 n=2
FLUSH 1790015998930 n=1
FLUSH 1790015999425 n=2
FLUSH 1790015999929 n=2
FLUSH 1790015999947 n=1
FLUSH 1790016000431 n=2
FLUSH 1790016000946 n=3
FLUSH 1790016001455 n=2
FLUSH 1790016001959 n=3
