[host] embedded mode: perry staticlib in-process
[readline-reader] started
[readline-reader] byte 7b
[readline-reader] byte 22
[readline-reader] byte 74
[readline-reader] byte 22
[readline-reader] byte 3a
[readline-reader] byte 22
[readline-reader] byte 70
[readline-reader] byte 69
[readline-reader] byte 6e
[readline-reader] byte 67
[readline-reader] byte 22
[readline-reader] byte 7d
[readline-reader] byte 0a
[host] perry_module_init done in 15.9751ms
[host] frontend hello: {"t":"hello","proto":1,"title":"PerryTS × GPUI"}
[host] window opened
FLUSH 1790016028178 n=239
FLUSH 1790016028361 n=2
FLUSH 1790016028860 n=1
FLUSH 1790016028879 n=2
FLUSH 1790016029380 n=2
FLUSH 1790016029878 n=3
FLUSH 1790016030397 n=2
FLUSH 1790016030878 n=1
FLUSH 1790016030909 n=2
FLUSH 1790016031412 n=2
FLUSH 1790016031894 n=1
FLUSH 1790016031928 n=2
FLUSH 1790016032428 n=2
FLUSH 1790016032895 n=1
FLUSH 1790016032942 n=2
FLUSH 1790016033445 n=2
FLUSH 1790016033895 n=1
FLUSH 1790016033962 n=2
FLUSH 1790016034479 n=2
FLUSH 1790016034912 n=1
FLUSH 1790016034977 n=2
FLUSH 1790016035496 n=2
FLUSH 1790016035912 n=1
FLUSH 1790016035996 n=2
FLUSH 1790016036496 n=2
FLUSH 1790016036926 n=1
FLUSH 1790016037011 n=2
FLUSH 1790016037530 n=2
FLUSH 1790016037930 n=1
FLUSH 1790016038030 n=2
FLUSH 1790016038531 n=2
FLUSH 1790016038946 n=1
FLUSH 1790016039029 n=2
FLUSH 1790016039547 n=2
FLUSH 1790016039946 n=1
FLUSH 1790016040044 n=2
FLUSH 1790016040545 n=2
FLUSH 1790016040963 n=1
FLUSH 1790016041062 n=2
FLUSH 1790016041563 n=2
FLUSH 1790016041963 n=1
FLUSH 1790016042077 n=2
FLUSH 1790016042579 n=2
FLUSH 1790016042966 n=1
FLUSH 1790016043098 n=2
FLUSH 1790016043606 n=2
FLUSH 1790016043971 n=1
FLUSH 1790016044110 n=2
FLUSH 1790016044617 n=2
FLUSH 1790016044973 n=1
FLUSH 1790016045129 n=2
FLUSH 1790016045641 n=2
FLUSH 1790016045975 n=1
FLUSH 1790016046142 n=2
FLUSH 1790016046653 n=2
FLUSH 1790016046991 n=1
FLUSH 1790016047162 n=2
FLUSH 1790016047667 n=2
FLUSH 1790016047996 n=1
FLUSH 1790016048179 n=2
FLUSH 1790016048679 n=2
FLUSH 1790016049000 n=1
FLUSH 1790016049187 n=2
FLUSH 1790016049696 n=2
[host] click id=63 -> tx
[host] ev write: {"t":"event","target":63,"kind":"click"}
[readline-reader] byte 7b
[readline-reader] byte 22
[readline-reader] byte 74
[readline-reader] byte 22
[readline-reader] byte 3a
[readline-reader] byte 22
[readline-reader] byte 65
[readline-reader] byte 76
[readline-reader] byte 65
[readline-reader] byte 6e
[readline-reader] byte 74
[readline-reader] byte 22
[readline-reader] byte 2c
[readline-reader] byte 22
[readline-reader] byte 74
[readline-reader] byte 61
[readline-reader] byte 72
[readline-reader] byte 67
[readline-reader] byte 65
[readline-reader] byte 74
[readline-reader] byte 22
[readline-reader] byte 3a
[readline-reader] byte 36
[readline-reader] byte 33
[readline-reader] byte 2c
[readline-reader] byte 22
[readline-reader] byte 6b
[readline-reader] byte 69
[readline-reader] byte 6e
[readline-reader] byte 64
[readline-reader] byte 22
[readline-reader] byte 3a
[readline-reader] byte 22
[readline-reader] byte 63
[readline-reader] byte 6c
[readline-reader] byte 69
[readline-reader] byte 63
[readline-reader] byte 6b
[readline-reader] byte 22
[readline-reader] byte 7d
[readline-reader] byte 0a
FLUSH 1790016050012 n=1
FLUSH 1790016050212 n=2
FLUSH 1790016050725 n=2
FLUSH 1790016051026 n=1
FLUSH 1790016051229 n=2
FLUSH 1790016051730 n=2
FLUSH 1790016052049 n=1
FLUSH 1790016052243 n=2
FLUSH 1790016052745 n=2
FLUSH 1790016053045 n=1
FLUSH 1790016053262 n=2
FLUSH 1790016053779 n=2
FLUSH 1790016054046 n=1
FLUSH 1790016054297 n=2
FLUSH 1790016054811 n=2
FLUSH 1790016055062 n=1
FLUSH 1790016055312 n=2
FLUSH 1790016055811 n=2
FLUSH 1790016056061 n=1
FLUSH 1790016056329 n=2
FLUSH 1790016056842 n=2
FLUSH 1790016057079 n=1
FLUSH 1790016057346 n=2
FLUSH 1790016057845 n=2
FLUSH 1790016058078 n=1
FLUSH 1790016058347 n=2
FLUSH 1790016058861 n=2
FLUSH 1790016059078 n=1
FLUSH 1790016059377 n=2
FLUSH 1790016059878 n=2
FLUSH 1790016060094 n=1
FLUSH 1790016060395 n=2
FLUSH 1790016060910 n=2
FLUSH 1790016061111 n=1
FLUSH 1790016061410 n=2
FLUSH 1790016061921 n=2
FLUSH 1790016062113 n=1
FLUSH 1790016062438 n=2
FLUSH 1790016062944 n=2
FLUSH 1790016063116 n=1
FLUSH 1790016063455 n=2
FLUSH 1790016063968 n=2
FLUSH 1790016064122 n=1
FLUSH 1790016064467 n=2
FLUSH 1790016064981 n=2
FLUSH 1790016065123 n=1
FLUSH 1790016065490 n=2
FLUSH 1790016066010 n=2
FLUSH 1790016066134 n=1
FLUSH 1790016066526 n=2
FLUSH 1790016067032 n=2
FLUSH 1790016067141 n=1
FLUSH 1790016067538 n=2
FLUSH 1790016068044 n=2
FLUSH 1790016068153 n=1
FLUSH 1790016068543 n=2
FLUSH 1790016069055 n=2
FLUSH 1790016069165 n=1
FLUSH 1790016069561 n=2
FLUSH 1790016070061 n=2
FLUSH 1790016070171 n=1
FLUSH 1790016070571 n=2
FLUSH 1790016071079 n=2
FLUSH 1790016071182 n=1
FLUSH 1790016071580 n=2
FLUSH 1790016072091 n=2
FLUSH 1790016072183 n=1
FLUSH 1790016072593 n=2
FLUSH 1790016073109 n=2
FLUSH 1790016073192 n=1
FLUSH 1790016073613 n=2
FLUSH 1790016074115 n=2
FLUSH 1790016074193 n=1
FLUSH 1790016074627 n=2
FLUSH 1790016075128 n=2
FLUSH 1790016075211 n=1
FLUSH 1790016075636 n=2
FLUSH 1790016076150 n=2
FLUSH 1790016076208 n=1
FLUSH 1790016076655 n=2
FLUSH 1790016077162 n=2
FLUSH 1790016077210 n=1
FLUSH 1790016077676 n=2
FLUSH 1790016078196 n=2
FLUSH 1790016078213 n=1
FLUSH 1790016078711 n=2
FLUSH 1790016079228 n=3
FLUSH 1790016079728 n=2
FLUSH 1790016080244 n=3
FLUSH 1790016080744 n=2
FLUSH 1790016081244 n=3
FLUSH 1790016081743 n=2
FLUSH 1790016082244 n=1
FLUSH 1790016082260 n=2
FLUSH 1790016082776 n=2
FLUSH 1790016083244 n=1
FLUSH 1790016083279 n=2
FLUSH 1790016083790 n=2
FLUSH 1790016084262 n=1
FLUSH 1790016084294 n=2
FLUSH 1790016084806 n=2
FLUSH 1790016085260 n=1
FLUSH 1790016085310 n=2
FLUSH 1790016085823 n=2
FLUSH 1790016086261 n=1
FLUSH 1790016086327 n=2
FLUSH 1790016086842 n=2
FLUSH 1790016087268 n=1
FLUSH 1790016087346 n=2
FLUSH 1790016087859 n=2
FLUSH 1790016088280 n=1
FLUSH 1790016088374 n=2
FLUSH 1790016088885 n=2
FLUSH 1790016089294 n=1
FLUSH 1790016089388 n=2
FLUSH 1790016089893 n=2
FLUSH 1790016090296 n=1
FLUSH 1790016090405 n=2
FLUSH 1790016090914 n=2
FLUSH 1790016091309 n=1
FLUSH 1790016091427 n=2
FLUSH 1790016091928 n=2
FLUSH 1790016092312 n=1
FLUSH 1790016092426 n=2
FLUSH 1790016092925 n=2
FLUSH 1790016093327 n=1
FLUSH 1790016093444 n=2
FLUSH 1790016093944 n=2
FLUSH 1790016094343 n=1
FLUSH 1790016094460 n=2
FLUSH 1790016094961 n=2
FLUSH 1790016095361 n=1
FLUSH 1790016095476 n=2
FLUSH 1790016095992 n=2
FLUSH 1790016096359 n=1
FLUSH 1790016096511 n=2
FLUSH 1790016097009 n=2
FLUSH 1790016097376 n=1
FLUSH 1790016097525 n=2
FLUSH 1790016098042 n=2
FLUSH 1790016098375 n=1
FLUSH 1790016098543 n=2
FLUSH 1790016099043 n=2
FLUSH 1790016099376 n=1
FLUSH 1790016099558 n=2
FLUSH 1790016100072 n=2
FLUSH 1790016100391 n=1
FLUSH 1790016100574 n=2
FLUSH 1790016101077 n=2
FLUSH 1790016101392 n=1
FLUSH 1790016101592 n=2
FLUSH 1790016102109 n=2
FLUSH 1790016102409 n=1
FLUSH 1790016102610 n=2
FLUSH 1790016103127 n=2
FLUSH 1790016103426 n=1
FLUSH 1790016103625 n=2
FLUSH 1790016104125 n=2
FLUSH 1790016104426 n=1
FLUSH 1790016104625 n=2
FLUSH 1790016105143 n=2
FLUSH 1790016105443 n=1
FLUSH 1790016105655 n=2
FLUSH 1790016106161 n=2
FLUSH 1790016106459 n=1
FLUSH 1790016106677 n=2
FLUSH 1790016107192 n=2
FLUSH 1790016107459 n=1
FLUSH 1790016107708 n=2
FLUSH 1790016108209 n=2
FLUSH 1790016108458 n=1
FLUSH 1790016108725 n=2
FLUSH 1790016109242 n=2
FLUSH 1790016109476 n=1
FLUSH 1790016109743 n=2
FLUSH 1790016110241 n=2
FLUSH 1790016110476 n=1
FLUSH 1790016110743 n=2
FLUSH 1790016111261 n=2
FLUSH 1790016111492 n=1
FLUSH 1790016111760 n=2
FLUSH 1790016112276 n=2
FLUSH 1790016112507 n=1
FLUSH 1790016112792 n=2
FLUSH 1790016113292 n=2
FLUSH 1790016113525 n=1
FLUSH 1790016113810 n=2
FLUSH 1790016114309 n=2
FLUSH 1790016114538 n=1
FLUSH 1790016114827 n=2
FLUSH 1790016115342 n=2
FLUSH 1790016115542 n=1
FLUSH 1790016115860 n=2
FLUSH 1790016116358 n=2
FLUSH 1790016116558 n=1
FLUSH 1790016116857 n=2
FLUSH 1790016117359 n=2
FLUSH 1790016117576 n=1
FLUSH 1790016117876 n=2
FLUSH 1790016118393 n=2
FLUSH 1790016118581 n=1
FLUSH 1790016118892 n=2
FLUSH 1790016119392 n=2
FLUSH 1790016119591 n=1
FLUSH 1790016119907 n=2
FLUSH 1790016120425 n=2
FLUSH 1790016120609 n=1
FLUSH 1790016120925 n=2
FLUSH 1790016121426 n=2
FLUSH 1790016121611 n=1
FLUSH 1790016121943 n=2
FLUSH 1790016122454 n=2
FLUSH 1790016122609 n=1
FLUSH 1790016122960 n=2
FLUSH 1790016123459 n=2
FLUSH 1790016123623 n=1
FLUSH 1790016123974 n=2
FLUSH 1790016124493 n=2
FLUSH 1790016124624 n=1
FLUSH 1790016125004 n=2
FLUSH 1790016125509 n=2
FLUSH 1790016125624 n=1
FLUSH 1790016126009 n=2
FLUSH 1790016126507 n=2
FLUSH 1790016126625 n=1
FLUSH 1790016127022 n=2
FLUSH 1790016127525 n=2
FLUSH 1790016127643 n=1
FLUSH 1790016128042 n=2
FLUSH 1790016128559 n=2
FLUSH 1790016128642 n=1
FLUSH 1790016129075 n=2
FLUSH 1790016129592 n=2
FLUSH 1790016129643 n=1
FLUSH 1790016130092 n=2
FLUSH 1790016130596 n=2
FLUSH 1790016130657 n=1
FLUSH 1790016131110 n=2
FLUSH 1790016131624 n=2
FLUSH 1790016131662 n=1
FLUSH 1790016132140 n=2
