[host] embedded mode: perry staticlib in-process
[readline-reader] started
[readline-reader] byte 7b
[readline-reader] byte 22
[readline-reader] byte 74
[readline-reader] byte 22
[readline-reader] byte 3a
[readline-reader] byte 22
[readline-reader] byte 70
[readline-reader] byte 69
[readline-reader] byte 6e
[readline-reader] byte 67
[readline-reader] byte 22
[readline-reader] byte 7d
[readline-reader] byte 0a
[readline-reader] enqueue DATA flowing=true pull=false len=13
[host] perry_module_init done in 15.9261ms
[host] frontend hello: {"t":"hello","proto":1,"title":"PerryTS × GPUI"}
[host] window opened
FLUSH 1790016250516 n=239
FLUSH 1790016250703 n=2
FLUSH 1790016251203 n=1
FLUSH 1790016251222 n=2
FLUSH 1790016251736 n=2
FLUSH 1790016252220 n=1
FLUSH 1790016252236 n=2
FLUSH 1790016252753 n=2
FLUSH 1790016253221 n=1
FLUSH 1790016253269 n=2
FLUSH 1790016253787 n=2
FLUSH 1790016254235 n=1
FLUSH 1790016254302 n=2
FLUSH 1790016254805 n=2
FLUSH 1790016255254 n=1
FLUSH 1790016255321 n=2
[host] click id=63 -> tx
[host] ev write: {"t":"event","target":63,"kind":"click"}
[readline-reader] byte 7b
[readline-reader] byte 22
[readline-reader] byte 74
[readline-reader] byte 22
[readline-reader] byte 3a
[readline-reader] byte 22
[readline-reader] byte 65
[readline-reader] byte 76
[readline-reader] byte 65
[readline-reader] byte 6e
[readline-reader] byte 74
[readline-reader] byte 22
[readline-reader] byte 2c
[readline-reader] byte 22
[readline-reader] byte 74
[readline-reader] byte 61
[readline-reader] byte 72
[readline-reader] byte 67
[readline-reader] byte 65
[readline-reader] byte 74
[readline-reader] byte 22
[readline-reader] byte 3a
[readline-reader] byte 36
[readline-reader] byte 33
[readline-reader] byte 2c
[readline-reader] byte 22
[readline-reader] byte 6b
[readline-reader] byte 69
[readline-reader] byte 6e
[readline-reader] byte 64
[readline-reader] byte 22
[readline-reader] byte 3a
[readline-reader] byte 22
[readline-reader] byte 63
[readline-reader] byte 6c
[readline-reader] byte 69
[readline-reader] byte 63
[readline-reader] byte 6b
[readline-reader] byte 22
[readline-reader] byte 7d
[readline-reader] byte 0a
[readline-reader] enqueue DATA flowing=true pull=false len=41
FLUSH 1790016255836 n=2
FLUSH 1790016256254 n=1
FLUSH 1790016256336 n=2
FLUSH 1790016256835 n=2
FLUSH 1790016257268 n=1
FLUSH 1790016257354 n=2
FLUSH 1790016257853 n=2
FLUSH 1790016258269 n=1
FLUSH 1790016258353 n=2
FLUSH 1790016258868 n=2
FLUSH 1790016259269 n=1
FLUSH 1790016259370 n=2
FLUSH 1790016259888 n=2
FLUSH 1790016260273 n=1
FLUSH 1790016260404 n=2
FLUSH 1790016260903 n=2
FLUSH 1790016261287 n=1
FLUSH 1790016261417 n=2
FLUSH 1790016261919 n=2
FLUSH 1790016262287 n=1
FLUSH 1790016262421 n=2
FLUSH 1790016262920 n=2
FLUSH 1790016263302 n=1
FLUSH 1790016263437 n=2
FLUSH 1790016263938 n=2
FLUSH 1790016264310 n=1
FLUSH 1790016264453 n=2
FLUSH 1790016264959 n=2
FLUSH 1790016265320 n=1
FLUSH 1790016265469 n=2
FLUSH 1790016265987 n=2
FLUSH 1790016266335 n=1
FLUSH 1790016266488 n=2
FLUSH 1790016266988 n=2
FLUSH 1790016267350 n=1
FLUSH 1790016267491 n=2
FLUSH 1790016268001 n=2
FLUSH 1790016268352 n=1
FLUSH 1790016268515 n=2
FLUSH 1790016269019 n=2
FLUSH 1790016269355 n=1
FLUSH 1790016269518 n=2
FLUSH 1790016270021 n=2
FLUSH 1790016270360 n=1
FLUSH 1790016270530 n=2
FLUSH 1790016271033 n=2
FLUSH 1790016271363 n=1
FLUSH 1790016271546 n=2
FLUSH 1790016272051 n=2
FLUSH 1790016272386 n=1
FLUSH 1790016272559 n=2
FLUSH 1790016273064 n=2
FLUSH 1790016273392 n=1
FLUSH 1790016273579 n=2
FLUSH 1790016274084 n=2
FLUSH 1790016274403 n=1
FLUSH 1790016274591 n=2
FLUSH 1790016275102 n=2
FLUSH 1790016275410 n=1
FLUSH 1790016275621 n=2
FLUSH 1790016276113 n=2
FLUSH 1790016276425 n=1
FLUSH 1790016276635 n=2
FLUSH 1790016277136 n=2
FLUSH 1790016277429 n=1
FLUSH 1790016277647 n=2
FLUSH 1790016278156 n=2
FLUSH 1790016278434 n=1
FLUSH 1790016278669 n=2
FLUSH 1790016279182 n=2
FLUSH 1790016279439 n=1
FLUSH 1790016279695 n=2
FLUSH 1790016280200 n=2
FLUSH 1790016280446 n=1
FLUSH 1790016280710 n=2
FLUSH 1790016281219 n=2
FLUSH 1790016281449 n=1
FLUSH 1790016281729 n=2
FLUSH 1790016282230 n=2
FLUSH 1790016282451 n=1
FLUSH 1790016282736 n=2
FLUSH 1790016283243 n=2
FLUSH 1790016283454 n=1
FLUSH 1790016283752 n=2
FLUSH 1790016284266 n=2
FLUSH 1790016284470 n=1
FLUSH 1790016284779 n=2
FLUSH 1790016285284 n=2
FLUSH 1790016285481 n=1
FLUSH 1790016285786 n=2
FLUSH 1790016286302 n=2
FLUSH 1790016286487 n=1
FLUSH 1790016286803 n=2
FLUSH 1790016287318 n=2
FLUSH 1790016287495 n=1
FLUSH 1790016287835 n=2
FLUSH 1790016288349 n=2
FLUSH 1790016288510 n=1
FLUSH 1790016288853 n=2
FLUSH 1790016289368 n=2
FLUSH 1790016289501 n=1
FLUSH 1790016289868 n=2
FLUSH 1790016290385 n=2
FLUSH 1790016290519 n=1
FLUSH 1790016290883 n=2
FLUSH 1790016291400 n=2
FLUSH 1790016291532 n=1
FLUSH 1790016291912 n=2
FLUSH 1790016292419 n=2
FLUSH 1790016292534 n=1
FLUSH 1790016292919 n=2
FLUSH 1790016293419 n=2
FLUSH 1790016293552 n=1
FLUSH 1790016293919 n=2
FLUSH 1790016294423 n=2
FLUSH 1790016294551 n=1
FLUSH 1790016294920 n=2
FLUSH 1790016295435 n=2
FLUSH 1790016295551 n=1
FLUSH 1790016295936 n=2
FLUSH 1790016296440 n=2
FLUSH 1790016296565 n=1
FLUSH 1790016296950 n=2
FLUSH 1790016297461 n=2
FLUSH 1790016297571 n=1
FLUSH 1790016297963 n=2
FLUSH 1790016298476 n=2
FLUSH 1790016298584 n=1
FLUSH 1790016298976 n=2
FLUSH 1790016299480 n=2
FLUSH 1790016299590 n=1
FLUSH 1790016299987 n=2
FLUSH 1790016300491 n=2
FLUSH 1790016300601 n=1
FLUSH 1790016301005 n=2
FLUSH 1790016301507 n=2
FLUSH 1790016301600 n=1
FLUSH 1790016302018 n=2
FLUSH 1790016302527 n=2
FLUSH 1790016302618 n=1
FLUSH 1790016303034 n=2
FLUSH 1790016303552 n=2
FLUSH 1790016303614 n=1
FLUSH 1790016304054 n=2
FLUSH 1790016304569 n=2
FLUSH 1790016304626 n=1
FLUSH 1790016305081 n=2
FLUSH 1790016305586 n=2
FLUSH 1790016305618 n=1
FLUSH 1790016306092 n=2
FLUSH 1790016306595 n=2
FLUSH 1790016306626 n=1
FLUSH 1790016307108 n=2
FLUSH 1790016307613 n=2
FLUSH 1790016307628 n=1
FLUSH 1790016308114 n=2
FLUSH 1790016308621 n=2
FLUSH 1790016308644 n=1
FLUSH 1790016309135 n=2
FLUSH 1790016309635 n=2
FLUSH 1790016309652 n=1
FLUSH 1790016310149 n=2
FLUSH 1790016310648 n=2
FLUSH 1790016310663 n=1
FLUSH 1790016311158 n=2
FLUSH 1790016311653 n=2
FLUSH 1790016311668 n=1
FLUSH 1790016312169 n=2
FLUSH 1790016312684 n=3
FLUSH 1790016313198 n=2
FLUSH 1790016313701 n=3
FLUSH 1790016314218 n=2
FLUSH 1790016314701 n=1
FLUSH 1790016314734 n=2
FLUSH 1790016315237 n=2
FLUSH 1790016315718 n=1
FLUSH 1790016315750 n=2
FLUSH 1790016316265 n=2
FLUSH 1790016316715 n=1
FLUSH 1790016316784 n=2
FLUSH 1790016317285 n=2
FLUSH 1790016317718 n=1
FLUSH 1790016317785 n=2
FLUSH 1790016318286 n=2
FLUSH 1790016318717 n=1
FLUSH 1790016318797 n=2
FLUSH 1790016319302 n=2
FLUSH 1790016319734 n=1
FLUSH 1790016319813 n=2
FLUSH 1790016320318 n=2
FLUSH 1790016320751 n=1
FLUSH 1790016320814 n=2
FLUSH 1790016321318 n=2
FLUSH 1790016321750 n=1
FLUSH 1790016321830 n=2
FLUSH 1790016322337 n=2
FLUSH 1790016322764 n=1
FLUSH 1790016322843 n=2
FLUSH 1790016323347 n=2
FLUSH 1790016323770 n=1
FLUSH 1790016323861 n=2
FLUSH 1790016324366 n=2
FLUSH 1790016324784 n=1
FLUSH 1790016324885 n=2
FLUSH 1790016325399 n=2
FLUSH 1790016325796 n=1
FLUSH 1790016325904 n=2
FLUSH 1790016326417 n=2
FLUSH 1790016326800 n=1
FLUSH 1790016326934 n=2
FLUSH 1790016327434 n=2
FLUSH 1790016327800 n=1
FLUSH 1790016327946 n=2
FLUSH 1790016328451 n=2
FLUSH 1790016328800 n=1
FLUSH 1790016328951 n=2
FLUSH 1790016329467 n=2
FLUSH 1790016329806 n=1
FLUSH 1790016329971 n=2
FLUSH 1790016330472 n=2
FLUSH 1790016330822 n=1
FLUSH 1790016330984 n=2
FLUSH 1790016331500 n=2
FLUSH 1790016331827 n=1
FLUSH 1790016332015 n=2
FLUSH 1790016332520 n=2
FLUSH 1790016332830 n=1
FLUSH 1790016333029 n=2
FLUSH 1790016333529 n=2
FLUSH 1790016333851 n=1
FLUSH 1790016334032 n=2
FLUSH 1790016334533 n=2
FLUSH 1790016334850 n=1
FLUSH 1790016335037 n=2
FLUSH 1790016335546 n=2
FLUSH 1790016335850 n=1
FLUSH 1790016336050 n=2
FLUSH 1790016336568 n=2
FLUSH 1790016336867 n=1
FLUSH 1790016337067 n=2
FLUSH 1790016337584 n=2
FLUSH 1790016337867 n=1
FLUSH 1790016338083 n=2
FLUSH 1790016338600 n=2
FLUSH 1790016338883 n=1
FLUSH 1790016339101 n=2
FLUSH 1790016339601 n=2
FLUSH 1790016339899 n=1
FLUSH 1790016340098 n=2
FLUSH 1790016340600 n=2
FLUSH 1790016340908 n=1
FLUSH 1790016341117 n=2
FLUSH 1790016341617 n=2
FLUSH 1790016341916 n=1
FLUSH 1790016342116 n=2
FLUSH 1790016342632 n=2
FLUSH 1790016342931 n=1
FLUSH 1790016343131 n=2
FLUSH 1790016343632 n=2
FLUSH 1790016343933 n=1
FLUSH 1790016344133 n=2
FLUSH 1790016344647 n=2
FLUSH 1790016344933 n=1
FLUSH 1790016345166 n=2
FLUSH 1790016345683 n=2
FLUSH 1790016345949 n=1
FLUSH 1790016346192 n=2
FLUSH 1790016346701 n=2
FLUSH 1790016346950 n=1
FLUSH 1790016347201 n=2
FLUSH 1790016347707 n=2
FLUSH 1790016347968 n=1
FLUSH 1790016348216 n=2
FLUSH 1790016348717 n=2
FLUSH 1790016348966 n=1
FLUSH 1790016349233 n=2
FLUSH 1790016349747 n=2
FLUSH 1790016349966 n=1
FLUSH 1790016350248 n=2
FLUSH 1790016350766 n=2
FLUSH 1790016350982 n=1
FLUSH 1790016351265 n=2
FLUSH 1790016351779 n=2
FLUSH 1790016351982 n=1
FLUSH 1790016352282 n=2
FLUSH 1790016352784 n=2
FLUSH 1790016352999 n=1
FLUSH 1790016353299 n=2
FLUSH 1790016353816 n=2
FLUSH 1790016354016 n=1
FLUSH 1790016354332 n=2
FLUSH 1790016354832 n=2
FLUSH 1790016355032 n=1
FLUSH 1790016355350 n=2
FLUSH 1790016355847 n=2
FLUSH 1790016356047 n=1
FLUSH 1790016356355 n=2
FLUSH 1790016356863 n=2
FLUSH 1790016357052 n=1
FLUSH 1790016357380 n=2
FLUSH 1790016357878 n=2
FLUSH 1790016358066 n=1
FLUSH 1790016358381 n=2
FLUSH 1790016358896 n=2
FLUSH 1790016359081 n=1
FLUSH 1790016359400 n=2
FLUSH 1790016359913 n=2
FLUSH 1790016360093 n=1
FLUSH 1790016360415 n=2
FLUSH 1790016360917 n=2
FLUSH 1790016361108 n=1
FLUSH 1790016361433 n=2
FLUSH 1790016361942 n=2
FLUSH 1790016362114 n=1
FLUSH 1790016362445 n=2
FLUSH 1790016362958 n=2
FLUSH 1790016363129 n=1
FLUSH 1790016363470 n=2
FLUSH 1790016363985 n=2
FLUSH 1790016364125 n=1
FLUSH 1790016364488 n=2
FLUSH 1790016364993 n=2
FLUSH 1790016365136 n=1
FLUSH 1790016365499 n=2
FLUSH 1790016366011 n=2
FLUSH 1790016366147 n=1
FLUSH 1790016366520 n=2
FLUSH 1790016367033 n=2
FLUSH 1790016367158 n=1
FLUSH 1790016367537 n=2
FLUSH 1790016368049 n=2
FLUSH 1790016368173 n=1
FLUSH 1790016368544 n=2
FLUSH 1790016369049 n=2
FLUSH 1790016369179 n=1
FLUSH 1790016369559 n=2
FLUSH 1790016370068 n=2
FLUSH 1790016370196 n=1
FLUSH 1790016370570 n=2
FLUSH 1790016371078 n=2
FLUSH 1790016371207 n=1
FLUSH 1790016371582 n=2
FLUSH 1790016372085 n=2
FLUSH 1790016372212 n=1
FLUSH 1790016372596 n=2
FLUSH 1790016373110 n=2
FLUSH 1790016373224 n=1
FLUSH 1790016373625 n=2
FLUSH 1790016374133 n=2
FLUSH 1790016374226 n=1
FLUSH 1790016374640 n=2
FLUSH 1790016375160 n=2
FLUSH 1790016375238 n=1
FLUSH 1790016375671 n=2
FLUSH 1790016376179 n=2
FLUSH 1790016376250 n=1
FLUSH 1790016376691 n=2
FLUSH 1790016377203 n=2
FLUSH 1790016377267 n=1
FLUSH 1790016377704 n=2
FLUSH 1790016378216 n=2
FLUSH 1790016378280 n=1
FLUSH 1790016378732 n=2
FLUSH 1790016379235 n=2
FLUSH 1790016379297 n=1
FLUSH 1790016379749 n=2
FLUSH 1790016380265 n=2
FLUSH 1790016380300 n=1
FLUSH 1790016380778 n=2
FLUSH 1790016381281 n=2
FLUSH 1790016381314 n=1
FLUSH 1790016381798 n=2
FLUSH 1790016382299 n=2
FLUSH 1790016382316 n=1
FLUSH 1790016382814 n=2
FLUSH 1790016383314 n=3
FLUSH 1790016383829 n=2
FLUSH 1790016384333 n=3
FLUSH 1790016384834 n=2
FLUSH 1790016385348 n=3
FLUSH 1790016385848 n=2
FLUSH 1790016386348 n=1
FLUSH 1790016386364 n=2
FLUSH 1790016386882 n=2
FLUSH 1790016387348 n=1
FLUSH 1790016387397 n=2
FLUSH 1790016387897 n=2
FLUSH 1790016388361 n=1
FLUSH 1790016388416 n=2
FLUSH 1790016388932 n=2
FLUSH 1790016389364 n=1
FLUSH 1790016389443 n=2
FLUSH 1790016389947 n=2
FLUSH 1790016390384 n=1
FLUSH 1790016390449 n=2
FLUSH 1790016390964 n=2
FLUSH 1790016391381 n=1
FLUSH 1790016391481 n=2
FLUSH 1790016391994 n=2
FLUSH 1790016392403 n=1
FLUSH 1790016392514 n=2
FLUSH 1790016393030 n=2
FLUSH 1790016393396 n=1
FLUSH 1790016393531 n=2
FLUSH 1790016394047 n=2
FLUSH 1790016394396 n=1
FLUSH 1790016394548 n=2
FLUSH 1790016395065 n=2
FLUSH 1790016395412 n=1
FLUSH 1790016395562 n=2
FLUSH 1790016396064 n=2
FLUSH 1790016396413 n=1
FLUSH 1790016396580 n=2
FLUSH 1790016397098 n=2
FLUSH 1790016397414 n=1
FLUSH 1790016397613 n=2
FLUSH 1790016398113 n=2
FLUSH 1790016398413 n=1
FLUSH 1790016398629 n=2
FLUSH 1790016399131 n=2
FLUSH 1790016399429 n=1
FLUSH 1790016399646 n=2
FLUSH 1790016400148 n=2
FLUSH 1790016400432 n=1
FLUSH 1790016400663 n=2
FLUSH 1790016401181 n=2
FLUSH 1790016401447 n=1
FLUSH 1790016401698 n=2
FLUSH 1790016402212 n=2
FLUSH 1790016402446 n=1
FLUSH 1790016402714 n=2
FLUSH 1790016403228 n=2
FLUSH 1790016403461 n=1
FLUSH 1790016403732 n=2
FLUSH 1790016404230 n=2
FLUSH 1790016404463 n=1
FLUSH 1790016404749 n=2
FLUSH 1790016405244 n=2
FLUSH 1790016405481 n=1
FLUSH 1790016405748 n=2
FLUSH 1790016406247 n=2
FLUSH 1790016406492 n=1
FLUSH 1790016406764 n=2
FLUSH 1790016407278 n=2
FLUSH 1790016407494 n=1
FLUSH 1790016407780 n=2
FLUSH 1790016408297 n=2
FLUSH 1790016408496 n=1
FLUSH 1790016408796 n=2
FLUSH 1790016409310 n=2
FLUSH 1790016409498 n=1
FLUSH 1790016409810 n=2
FLUSH 1790016410315 n=2
FLUSH 1790016410513 n=1
FLUSH 1790016410821 n=2
FLUSH 1790016411329 n=2
FLUSH 1790016411514 n=1
FLUSH 1790016411830 n=2
FLUSH 1790016412329 n=2
FLUSH 1790016412532 n=1
FLUSH 1790016412832 n=2
FLUSH 1790016413345 n=2
FLUSH 1790016413546 n=1
FLUSH 1790016413846 n=2
FLUSH 1790016414363 n=2
FLUSH 1790016414566 n=1
FLUSH 1790016414863 n=2
FLUSH 1790016415380 n=2
FLUSH 1790016415577 n=1
FLUSH 1790016415897 n=2
FLUSH 1790016416396 n=2
FLUSH 1790016416578 n=1
FLUSH 1790016416912 n=2
FLUSH 1790016417413 n=2
FLUSH 1790016417579 n=1
FLUSH 1790016417912 n=2
FLUSH 1790016418430 n=2
FLUSH 1790016418594 n=1
FLUSH 1790016418930 n=2
FLUSH 1790016419446 n=2
FLUSH 1790016419595 n=1
FLUSH 1790016419957 n=2
FLUSH 1790016420461 n=2
FLUSH 1790016420601 n=1
FLUSH 1790016420980 n=2
FLUSH 1790016421491 n=2
FLUSH 1790016421614 n=1
FLUSH 1790016421996 n=2
FLUSH 1790016422497 n=2
FLUSH 1790016422613 n=1
FLUSH 1790016423013 n=2
FLUSH 1790016423530 n=2
FLUSH 1790016423626 n=1
FLUSH 1790016424041 n=2
FLUSH 1790016424547 n=2
FLUSH 1790016424627 n=1
FLUSH 1790016425050 n=2
FLUSH 1790016425551 n=2
FLUSH 1790016425628 n=1
FLUSH 1790016426048 n=2
FLUSH 1790016426563 n=2
FLUSH 1790016426647 n=1
FLUSH 1790016427062 n=2
FLUSH 1790016427585 n=2
FLUSH 1790016427647 n=1
FLUSH 1790016428084 n=2
FLUSH 1790016428597 n=2
FLUSH 1790016428647 n=1
FLUSH 1790016429112 n=2
FLUSH 1790016429622 n=2
FLUSH 1790016429654 n=1
FLUSH 1790016430131 n=2
FLUSH 1790016430630 n=2
FLUSH 1790016430664 n=1
FLUSH 1790016431128 n=2
FLUSH 1790016431630 n=2
FLUSH 1790016431678 n=1
