[host] embedded mode: perry staticlib in-process
[readline-reader] started
[readline-reader] byte 7b
[readline-reader] byte 22
[readline-reader] byte 74
[readline-reader] byte 22
[readline-reader] byte 3a
[readline-reader] byte 22
[readline-reader] byte 70
[readline-reader] byte 69
[readline-reader] byte 6e
[readline-reader] byte 67
[readline-reader] byte 22
[readline-reader] byte 7d
[readline-reader] byte 0a
[readline-reader] enqueue DATA flowing=true pull=false len=13
[host] perry_module_init done in 15.8178ms
[host] frontend hello: {"t":"hello","proto":1,"title":"PerryTS × GPUI"}
[host] window opened
FLUSH 1790016748225 n=239
FLUSH 1790016748384 n=2
FLUSH 1790016748885 n=1
FLUSH 1790016748899 n=2
FLUSH 1790016749415 n=2
FLUSH 1790016749885 n=1
FLUSH 1790016749916 n=2
FLUSH 1790016750433 n=2
FLUSH 1790016750897 n=1
FLUSH 1790016750950 n=2
FLUSH 1790016751466 n=2
FLUSH 1790016751898 n=1
FLUSH 1790016751965 n=2
FLUSH 1790016752466 n=2
FLUSH 1790016752899 n=1
FLUSH 1790016752965 n=2
[host] click id=63 -> tx
[host] ev write: {"t":"event","target":63,"kind":"click"}
[readline-reader] byte 7b
[readline-reader] byte 22
[readline-reader] byte 74
[readline-reader] byte 22
[readline-reader] byte 3a
[readline-reader] byte 22
[readline-reader] byte 65
[readline-reader] byte 76
[readline-reader] byte 65
[readline-reader] byte 6e
[readline-reader] byte 74
[readline-reader] byte 22
[readline-reader] byte 2c
[readline-reader] byte 22
[readline-reader] byte 74
[readline-reader] byte 61
[readline-reader] byte 72
[readline-reader] byte 67
[readline-reader] byte 65
[readline-reader] byte 74
[readline-reader] byte 22
[readline-reader] byte 3a
[readline-reader] byte 36
[readline-reader] byte 33
[readline-reader] byte 2c
[readline-reader] byte 22
[readline-reader] byte 6b
[readline-reader] byte 69
[readline-reader] byte 6e
[readline-reader] byte 64
[readline-reader] byte 22
[readline-reader] byte 3a
[readline-reader] byte 22
[readline-reader] byte 63
[readline-reader] byte 6c
[readline-reader] byte 69
[readline-reader] byte 63
[readline-reader] byte 6b
[readline-reader] byte 22
[readline-reader] byte 7d
[readline-reader] byte 0a
[readline-reader] enqueue DATA flowing=true pull=false len=41
FLUSH 1790016753481 n=2
FLUSH 1790016753916 n=1
FLUSH 1790016754000 n=2
FLUSH 1790016754499 n=2
FLUSH 1790016754932 n=1
FLUSH 1790016755000 n=2
FLUSH 1790016755499 n=2
FLUSH 1790016755950 n=1
FLUSH 1790016756017 n=2
FLUSH 1790016756516 n=2
FLUSH 1790016756951 n=1
FLUSH 1790016757033 n=2
FLUSH 1790016757550 n=2
FLUSH 1790016757948 n=1
FLUSH 1790016758060 n=2
FLUSH 1790016758566 n=2
FLUSH 1790016758949 n=1
FLUSH 1790016759067 n=2
FLUSH 1790016759582 n=2
FLUSH 1790016759967 n=1
FLUSH 1790016760100 n=2
FLUSH 1790016760599 n=2
FLUSH 1790016760966 n=1
FLUSH 1790016761100 n=2
FLUSH 1790016761610 n=2
FLUSH 1790016761984 n=1
FLUSH 1790016762132 n=2
FLUSH 1790016762650 n=2
FLUSH 1790016762999 n=1
FLUSH 1790016763167 n=2
FLUSH 1790016763682 n=2
FLUSH 1790016764015 n=1
FLUSH 1790016764182 n=2
FLUSH 1790016764700 n=2
FLUSH 1790016765023 n=1
FLUSH 1790016765206 n=2
FLUSH 1790016765715 n=2
FLUSH 1790016766031 n=1
FLUSH 1790016766227 n=2
FLUSH 1790016766730 n=2
FLUSH 1790016767039 n=1
FLUSH 1790016767231 n=2
FLUSH 1790016767747 n=2
FLUSH 1790016768045 n=1
FLUSH 1790016768262 n=2
FLUSH 1790016768762 n=2
FLUSH 1790016769056 n=1
FLUSH 1790016769275 n=2
FLUSH 1790016769778 n=2
FLUSH 1790016770082 n=1
FLUSH 1790016770279 n=2
FLUSH 1790016770801 n=2
FLUSH 1790016771080 n=1
FLUSH 1790016771316 n=2
FLUSH 1790016771813 n=2
FLUSH 1790016772098 n=1
FLUSH 1790016772316 n=2
FLUSH 1790016772821 n=2
FLUSH 1790016773111 n=1
FLUSH 1790016773335 n=2
FLUSH 1790016773838 n=2
FLUSH 1790016774112 n=1
FLUSH 1790016774340 n=2
FLUSH 1790016774842 n=2
FLUSH 1790016775126 n=1
FLUSH 1790016775347 n=2
FLUSH 1790016775861 n=2
FLUSH 1790016776132 n=1
FLUSH 1790016776367 n=2
FLUSH 1790016776881 n=2
FLUSH 1790016777140 n=1
FLUSH 1790016777381 n=2
FLUSH 1790016777893 n=2
FLUSH 1790016778142 n=1
FLUSH 1790016778396 n=2
FLUSH 1790016778911 n=2
FLUSH 1790016779154 n=1
FLUSH 1790016779427 n=2
FLUSH 1790016779928 n=2
FLUSH 1790016780163 n=1
FLUSH 1790016780441 n=2
FLUSH 1790016780949 n=2
FLUSH 1790016781170 n=1
FLUSH 1790016781461 n=2
FLUSH 1790016781969 n=2
FLUSH 1790016782171 n=1
FLUSH 1790016782474 n=2
FLUSH 1790016782976 n=2
FLUSH 1790016783183 n=1
FLUSH 1790016783489 n=2
FLUSH 1790016783999 n=2
FLUSH 1790016784185 n=1
FLUSH 1790016784512 n=2
FLUSH 1790016785024 n=2
FLUSH 1790016785191 n=1
FLUSH 1790016785530 n=2
FLUSH 1790016786042 n=2
FLUSH 1790016786203 n=1
FLUSH 1790016786545 n=2
FLUSH 1790016787046 n=2
FLUSH 1790016787212 n=1
FLUSH 1790016787560 n=2
FLUSH 1790016788075 n=2
FLUSH 1790016788222 n=1
FLUSH 1790016788582 n=2
FLUSH 1790016789081 n=2
FLUSH 1790016789222 n=1
FLUSH 1790016789599 n=2
FLUSH 1790016790103 n=2
FLUSH 1790016790238 n=1
FLUSH 1790016790607 n=2
FLUSH 1790016791117 n=2
FLUSH 1790016791247 n=1
FLUSH 1790016791628 n=2
FLUSH 1790016792129 n=2
FLUSH 1790016792250 n=1
FLUSH 1790016792641 n=2
FLUSH 1790016793155 n=2
FLUSH 1790016793260 n=1
FLUSH 1790016793658 n=2
FLUSH 1790016794169 n=2
FLUSH 1790016794264 n=1
FLUSH 1790016794681 n=2
FLUSH 1790016795191 n=2
FLUSH 1790016795269 n=1
FLUSH 1790016795700 n=2
FLUSH 1790016796216 n=2
FLUSH 1790016796278 n=1
FLUSH 1790016796719 n=2
FLUSH 1790016797223 n=2
FLUSH 1790016797284 n=1
FLUSH 1790016797734 n=2
FLUSH 1790016798240 n=2
FLUSH 1790016798286 n=1
FLUSH 1790016798755 n=2
FLUSH 1790016799270 n=2
FLUSH 1790016799300 n=1
FLUSH 1790016799781 n=2
FLUSH 1790016800285 n=2
FLUSH 1790016800331 n=1
FLUSH 1790016800793 n=2
FLUSH 1790016801300 n=2
FLUSH 1790016801331 n=1
FLUSH 1790016801811 n=2
FLUSH 1790016802315 n=2
FLUSH 1790016802331 n=1
FLUSH 1790016802824 n=2
FLUSH 1790016803332 n=3
FLUSH 1790016803844 n=2
FLUSH 1790016804341 n=1
FLUSH 1790016804357 n=2
FLUSH 1790016804871 n=2
FLUSH 1790016805344 n=1
FLUSH 1790016805375 n=2
FLUSH 1790016805879 n=2
FLUSH 1790016806355 n=1
FLUSH 1790016806386 n=2
FLUSH 1790016806894 n=2
FLUSH 1790016807362 n=1
FLUSH 1790016807407 n=2
FLUSH 1790016807907 n=2
FLUSH 1790016808365 n=1
FLUSH 1790016808412 n=2
FLUSH 1790016808930 n=2
FLUSH 1790016809377 n=1
FLUSH 1790016809435 n=2
FLUSH 1790016809947 n=2
FLUSH 1790016810381 n=1
FLUSH 1790016810464 n=2
FLUSH 1790016810963 n=2
FLUSH 1790016811397 n=1
FLUSH 1790016811479 n=2
FLUSH 1790016811997 n=2
FLUSH 1790016812398 n=1
FLUSH 1790016812497 n=2
FLUSH 1790016812996 n=2
FLUSH 1790016813416 n=1
FLUSH 1790016813498 n=2
FLUSH 1790016814013 n=2
FLUSH 1790016814414 n=1
FLUSH 1790016814527 n=2
FLUSH 1790016815028 n=2
FLUSH 1790016815430 n=1
FLUSH 1790016815529 n=2
FLUSH 1790016816029 n=2
FLUSH 1790016816431 n=1
FLUSH 1790016816545 n=2
FLUSH 1790016817062 n=2
FLUSH 1790016817441 n=1
FLUSH 1790016817567 n=2
FLUSH 1790016818080 n=2
FLUSH 1790016818446 n=1
FLUSH 1790016818584 n=2
FLUSH 1790016819097 n=2
FLUSH 1790016819454 n=1
FLUSH 1790016819600 n=2
FLUSH 1790016820098 n=2
FLUSH 1790016820462 n=1
FLUSH 1790016820614 n=2
FLUSH 1790016821129 n=2
FLUSH 1790016821471 n=1
FLUSH 1790016821632 n=2
FLUSH 1790016822134 n=2
FLUSH 1790016822482 n=1
FLUSH 1790016822638 n=2
FLUSH 1790016823147 n=2
FLUSH 1790016823490 n=1
FLUSH 1790016823664 n=2
FLUSH 1790016824180 n=2
FLUSH 1790016824497 n=1
FLUSH 1790016824686 n=2
FLUSH 1790016825196 n=2
FLUSH 1790016825508 n=1
FLUSH 1790016825696 n=2
FLUSH 1790016826215 n=2
FLUSH 1790016826520 n=1
FLUSH 1790016826710 n=2
FLUSH 1790016827229 n=2
FLUSH 1790016827534 n=1
FLUSH 1790016827735 n=2
FLUSH 1790016828252 n=2
FLUSH 1790016828549 n=1
FLUSH 1790016828764 n=2
FLUSH 1790016829262 n=2
FLUSH 1790016829563 n=1
FLUSH 1790016829779 n=2
FLUSH 1790016830297 n=2
FLUSH 1790016830563 n=1
FLUSH 1790016830797 n=2
FLUSH 1790016831309 n=2
FLUSH 1790016831563 n=1
FLUSH 1790016831818 n=2
FLUSH 1790016832330 n=2
FLUSH 1790016832584 n=1
FLUSH 1790016832830 n=2
FLUSH 1790016833347 n=2
FLUSH 1790016833596 n=1
FLUSH 1790016833862 n=2
FLUSH 1790016834380 n=2
FLUSH 1790016834618 n=1
FLUSH 1790016834895 n=2
FLUSH 1790016835413 n=2
FLUSH 1790016835635 n=1
FLUSH 1790016835913 n=2
FLUSH 1790016836415 n=2
FLUSH 1790016836651 n=1
FLUSH 1790016836928 n=2
FLUSH 1790016837428 n=2
FLUSH 1790016837664 n=1
FLUSH 1790016837946 n=2
FLUSH 1790016838446 n=2
FLUSH 1790016838678 n=1
FLUSH 1790016838945 n=2
FLUSH 1790016839459 n=2
FLUSH 1790016839690 n=1
FLUSH 1790016839963 n=2
FLUSH 1790016840479 n=2
FLUSH 1790016840698 n=1
FLUSH 1790016840981 n=2
FLUSH 1790016841496 n=2
FLUSH 1790016841703 n=1
FLUSH 1790016842013 n=2
FLUSH 1790016842513 n=2
FLUSH 1790016842712 n=1
FLUSH 1790016843018 n=2
FLUSH 1790016843530 n=2
FLUSH 1790016843729 n=1
FLUSH 1790016844030 n=2
FLUSH 1790016844544 n=2
FLUSH 1790016844730 n=1
FLUSH 1790016845045 n=2
FLUSH 1790016845557 n=2
FLUSH 1790016845737 n=1
FLUSH 1790016846063 n=2
FLUSH 1790016846563 n=2
FLUSH 1790016846745 n=1
FLUSH 1790016847079 n=2
FLUSH 1790016847579 n=2
FLUSH 1790016847744 n=1
FLUSH 1790016848078 n=2
FLUSH 1790016848596 n=2
FLUSH 1790016848767 n=1
FLUSH 1790016849101 n=2
FLUSH 1790016849616 n=2
FLUSH 1790016849762 n=1
FLUSH 1790016850129 n=2
FLUSH 1790016850638 n=2
FLUSH 1790016850777 n=1
FLUSH 1790016851148 n=2
FLUSH 1790016851660 n=2
FLUSH 1790016851796 n=1
FLUSH 1790016852163 n=2
FLUSH 1790016852663 n=2
FLUSH 1790016852796 n=1
FLUSH 1790016853178 n=2
FLUSH 1790016853679 n=2
FLUSH 1790016853811 n=1
FLUSH 1790016854196 n=2
FLUSH 1790016854696 n=2
FLUSH 1790016854811 n=1
FLUSH 1790016855196 n=2
FLUSH 1790016855711 n=2
FLUSH 1790016855826 n=1
FLUSH 1790016856230 n=2
FLUSH 1790016856745 n=2
FLUSH 1790016856839 n=1
FLUSH 1790016857261 n=2
FLUSH 1790016857775 n=2
FLUSH 1790016857845 n=1
FLUSH 1790016858277 n=2
FLUSH 1790016858792 n=2
FLUSH 1790016858862 n=1
FLUSH 1790016859295 n=2
FLUSH 1790016859807 n=2
FLUSH 1790016859862 n=1
FLUSH 1790016860311 n=2
FLUSH 1790016860810 n=2
FLUSH 1790016860878 n=1
FLUSH 1790016861329 n=2
FLUSH 1790016861829 n=2
FLUSH 1790016861890 n=1
FLUSH 1790016862344 n=2
FLUSH 1790016862846 n=2
FLUSH 1790016862894 n=1
FLUSH 1790016863344 n=2
FLUSH 1790016863862 n=2
FLUSH 1790016863896 n=1
FLUSH 1790016864362 n=2
FLUSH 1790016864879 n=2
FLUSH 1790016864893 n=1
FLUSH 1790016865391 n=2
FLUSH 1790016865895 n=2
FLUSH 1790016865910 n=1
FLUSH 1790016866395 n=2
FLUSH 1790016866894 n=2
FLUSH 1790016866927 n=1
FLUSH 1790016867412 n=2
FLUSH 1790016867910 n=2
FLUSH 1790016867944 n=1
FLUSH 1790016868425 n=2
FLUSH 1790016868944 n=2
FLUSH 1790016868962 n=1
FLUSH 1790016869443 n=2
FLUSH 1790016869954 n=2
FLUSH 1790016869971 n=1
FLUSH 1790016870470 n=2
FLUSH 1790016870974 n=3
FLUSH 1790016871479 n=2
FLUSH 1790016871978 n=3
FLUSH 1790016872487 n=2
FLUSH 1790016872994 n=3
FLUSH 1790016873494 n=2
FLUSH 1790016873994 n=1
FLUSH 1790016874011 n=2
FLUSH 1790016874526 n=2
FLUSH 1790016875010 n=1
FLUSH 1790016875044 n=2
FLUSH 1790016875545 n=2
FLUSH 1790016876020 n=1
FLUSH 1790016876061 n=2
FLUSH 1790016876578 n=2
FLUSH 1790016877026 n=1
FLUSH 1790016877094 n=2
FLUSH 1790016877611 n=2
FLUSH 1790016878050 n=1
FLUSH 1790016878111 n=2
FLUSH 1790016878610 n=2
FLUSH 1790016879043 n=1
FLUSH 1790016879126 n=2
FLUSH 1790016879646 n=2
FLUSH 1790016880044 n=1
FLUSH 1790016880155 n=2
FLUSH 1790016880660 n=2
FLUSH 1790016881062 n=1
FLUSH 1790016881178 n=2
FLUSH 1790016881693 n=2
FLUSH 1790016882074 n=1
FLUSH 1790016882195 n=2
FLUSH 1790016882705 n=2
FLUSH 1790016883078 n=1
FLUSH 1790016883210 n=2
FLUSH 1790016883728 n=2
FLUSH 1790016884095 n=1
FLUSH 1790016884243 n=2
FLUSH 1790016884744 n=2
FLUSH 1790016885110 n=1
FLUSH 1790016885244 n=2
FLUSH 1790016885743 n=2
FLUSH 1790016886127 n=1
FLUSH 1790016886245 n=2
FLUSH 1790016886760 n=2
FLUSH 1790016887143 n=1
FLUSH 1790016887270 n=2
FLUSH 1790016887775 n=2
FLUSH 1790016888157 n=1
FLUSH 1790016888290 n=2
FLUSH 1790016888794 n=2
FLUSH 1790016889159 n=1
FLUSH 1790016889311 n=2
FLUSH 1790016889822 n=2
FLUSH 1790016890159 n=1
FLUSH 1790016890324 n=2
FLUSH 1790016890843 n=2
FLUSH 1790016891171 n=1
FLUSH 1790016891344 n=2
FLUSH 1790016891861 n=2
FLUSH 1790016892176 n=1
FLUSH 1790016892360 n=2
FLUSH 1790016892875 n=2
FLUSH 1790016893194 n=1
FLUSH 1790016893386 n=2
FLUSH 1790016893887 n=2
FLUSH 1790016894194 n=1
FLUSH 1790016894388 n=2
FLUSH 1790016894904 n=2
FLUSH 1790016895205 n=1
FLUSH 1790016895411 n=2
FLUSH 1790016895923 n=2
FLUSH 1790016896226 n=1
