[host] embedded mode: perry staticlib in-process
[readline-reader] started
[readline-reader] byte 7b
[readline-reader] byte 22
[readline-reader] byte 74
[readline-reader] byte 22
[readline-reader] byte 3a
[readline-reader] byte 22
[readline-reader] byte 70
[readline-reader] byte 69
[readline-reader] byte 6e
[readline-reader] byte 67
[readline-reader] byte 22
[readline-reader] byte 7d
[readline-reader] byte 0a
[readline-reader] enqueue DATA flowing=true pull=false len=13
[host] perry_module_init done in 16.6595ms
[host] frontend hello: {"t":"hello","proto":1,"title":"PerryTS × GPUI"}
[host] window opened
FLUSH 1790017232833 n=239
FLUSH 1790017233014 n=2
FLUSH 1790017233515 n=1
FLUSH 1790017233531 n=2
FLUSH 1790017234044 n=2
FLUSH 1790017234529 n=1
FLUSH 1790017234545 n=2
FLUSH 1790017235046 n=2
FLUSH 1790017235527 n=1
FLUSH 1790017235561 n=2
FLUSH 1790017236078 n=2
FLUSH 1790017236542 n=1
FLUSH 1790017236579 n=2
FLUSH 1790017237098 n=2
FLUSH 1790017237546 n=1
FLUSH 1790017237613 n=2
FLUSH 1790017238129 n=2
FLUSH 1790017238544 n=1
FLUSH 1790017238628 n=2
FLUSH 1790017239146 n=2
FLUSH 1790017239545 n=1
FLUSH 1790017239648 n=2
FLUSH 1790017240158 n=2
FLUSH 1790017240561 n=1
FLUSH 1790017240664 n=2
FLUSH 1790017241178 n=2
FLUSH 1790017241567 n=1
FLUSH 1790017241680 n=2
FLUSH 1790017242198 n=2
FLUSH 1790017242579 n=1
FLUSH 1790017242696 n=2
FLUSH 1790017243207 n=2
FLUSH 1790017243592 n=1
FLUSH 1790017243711 n=2
FLUSH 1790017244229 n=2
FLUSH 1790017244596 n=1
FLUSH 1790017244729 n=2
FLUSH 1790017245230 n=2
FLUSH 1790017245611 n=1
FLUSH 1790017245741 n=2
FLUSH 1790017246246 n=2
FLUSH 1790017246628 n=1
FLUSH 1790017246744 n=2
FLUSH 1790017247245 n=2
FLUSH 1790017247636 n=1
FLUSH 1790017247745 n=2
FLUSH 1790017248258 n=2
FLUSH 1790017248641 n=1
FLUSH 1790017248779 n=2
FLUSH 1790017249296 n=2
FLUSH 1790017249661 n=1
FLUSH 1790017249809 n=2
FLUSH 1790017250322 n=2
FLUSH 1790017250664 n=1
FLUSH 1790017250845 n=2
FLUSH 1790017251346 n=2
FLUSH 1790017251673 n=1
FLUSH 1790017251851 n=2
FLUSH 1790017252357 n=2
FLUSH 1790017252678 n=1
FLUSH 1790017252861 n=2
FLUSH 1790017253372 n=2
FLUSH 1790017253685 n=1
FLUSH 1790017253887 n=2
FLUSH 1790017254400 n=2
FLUSH 1790017254691 n=1
FLUSH 1790017254908 n=2
FLUSH 1790017255428 n=2
FLUSH 1790017255706 n=1
FLUSH 1790017255943 n=2
FLUSH 1790017256447 n=2
FLUSH 1790017256711 n=1
FLUSH 1790017256955 n=2
FLUSH 1790017257467 n=2
FLUSH 1790017257718 n=1
FLUSH 1790017257971 n=2
FLUSH 1790017258481 n=2
FLUSH 1790017258727 n=1
FLUSH 1790017258984 n=2
FLUSH 1790017259496 n=2
FLUSH 1790017259741 n=1
FLUSH 1790017259996 n=2
FLUSH 1790017260507 n=2
FLUSH 1790017260746 n=1
FLUSH 1790017261011 n=2
FLUSH 1790017261520 n=2
FLUSH 1790017261741 n=1
FLUSH 1790017262027 n=2
FLUSH 1790017262545 n=2
FLUSH 1790017262743 n=1
FLUSH 1790017263061 n=2
FLUSH 1790017263560 n=2
FLUSH 1790017263744 n=1
FLUSH 1790017264061 n=2
FLUSH 1790017264561 n=2
FLUSH 1790017264744 n=1
FLUSH 1790017265078 n=2
FLUSH 1790017265577 n=2
FLUSH 1790017265762 n=1
FLUSH 1790017266079 n=2
FLUSH 1790017266595 n=2
FLUSH 1790017266777 n=1
FLUSH 1790017267095 n=2
FLUSH 1790017267611 n=2
FLUSH 1790017267777 n=1
FLUSH 1790017268128 n=2
FLUSH 1790017268647 n=2
FLUSH 1790017268792 n=1
FLUSH 1790017269144 n=2
FLUSH 1790017269661 n=2
FLUSH 1790017269796 n=1
FLUSH 1790017270173 n=2
FLUSH 1790017270684 n=2
FLUSH 1790017270810 n=1
FLUSH 1790017271186 n=2
FLUSH 1790017271695 n=2
FLUSH 1790017271822 n=1
FLUSH 1790017272202 n=2
FLUSH 1790017272709 n=2
FLUSH 1790017272822 n=1
FLUSH 1790017273220 n=2
FLUSH 1790017273725 n=2
FLUSH 1790017273828 n=1
FLUSH 1790017274230 n=2
FLUSH 1790017274732 n=2
FLUSH 1790017274838 n=1
FLUSH 1790017275243 n=2
FLUSH 1790017275749 n=2
FLUSH 1790017275841 n=1
FLUSH 1790017276250 n=2
FLUSH 1790017276756 n=2
FLUSH 1790017276851 n=1
FLUSH 1790017277261 n=2
FLUSH 1790017277764 n=2
FLUSH 1790017277858 n=1
FLUSH 1790017278278 n=2
FLUSH 1790017278782 n=2
FLUSH 1790017278861 n=1
FLUSH 1790017279286 n=2
FLUSH 1790017279787 n=2
FLUSH 1790017279865 n=1
FLUSH 1790017280289 n=2
FLUSH 1790017280801 n=2
FLUSH 1790017280879 n=1
FLUSH 1790017281317 n=2
FLUSH 1790017281828 n=2
FLUSH 1790017281891 n=1
FLUSH 1790017282339 n=2
FLUSH 1790017282845 n=2
FLUSH 1790017282893 n=1
FLUSH 1790017283354 n=2
FLUSH 1790017283857 n=2
FLUSH 1790017283904 n=1
FLUSH 1790017284364 n=2
FLUSH 1790017284865 n=2
FLUSH 1790017284913 n=1
FLUSH 1790017285381 n=2
FLUSH 1790017285886 n=2
FLUSH 1790017285917 n=1
FLUSH 1790017286391 n=2
FLUSH 1790017286893 n=2
FLUSH 1790017286928 n=1
FLUSH 1790017287396 n=2
FLUSH 1790017287909 n=2
FLUSH 1790017287924 n=1
FLUSH 1790017288422 n=2
FLUSH 1790017288934 n=3
FLUSH 1790017289445 n=2
FLUSH 1790017289943 n=1
FLUSH 1790017289959 n=2
FLUSH 1790017290473 n=2
FLUSH 1790017290944 n=1
FLUSH 1790017290975 n=2
FLUSH 1790017291490 n=2
FLUSH 1790017291957 n=1
FLUSH 1790017291991 n=2
FLUSH 1790017292498 n=2
FLUSH 1790017292976 n=1
FLUSH 1790017293008 n=2
FLUSH 1790017293509 n=2
FLUSH 1790017293996 n=1
FLUSH 1790017294011 n=2
FLUSH 1790017294513 n=2
FLUSH 1790017295005 n=1
FLUSH 1790017295021 n=2
FLUSH 1790017295529 n=2
FLUSH 1790017296009 n=1
FLUSH 1790017296044 n=2
FLUSH 1790017296560 n=2
FLUSH 1790017297027 n=1
FLUSH 1790017297077 n=2
FLUSH 1790017297594 n=2
FLUSH 1790017298025 n=1
FLUSH 1790017298092 n=2
FLUSH 1790017298593 n=2
FLUSH 1790017299044 n=1
FLUSH 1790017299092 n=2
FLUSH 1790017299610 n=2
FLUSH 1790017300047 n=1
FLUSH 1790017300109 n=2
FLUSH 1790017300609 n=2
FLUSH 1790017301061 n=1
FLUSH 1790017301110 n=2
FLUSH 1790017301617 n=2
FLUSH 1790017302060 n=1
FLUSH 1790017302126 n=2
FLUSH 1790017302632 n=2
FLUSH 1790017303062 n=1
FLUSH 1790017303144 n=2
FLUSH 1790017303663 n=2
FLUSH 1790017304077 n=1
FLUSH 1790017304177 n=2
FLUSH 1790017304677 n=2
FLUSH 1790017305077 n=1
FLUSH 1790017305191 n=2
FLUSH 1790017305705 n=2
FLUSH 1790017306089 n=1
FLUSH 1790017306206 n=2
FLUSH 1790017306712 n=2
FLUSH 1790017307091 n=1
FLUSH 1790017307213 n=2
FLUSH 1790017307715 n=2
FLUSH 1790017308098 n=1
FLUSH 1790017308220 n=2
FLUSH 1790017308734 n=2
FLUSH 1790017309107 n=1
FLUSH 1790017309246 n=2
FLUSH 1790017309756 n=2
FLUSH 1790017310118 n=1
FLUSH 1790017310260 n=2
FLUSH 1790017310773 n=2
FLUSH 1790017311131 n=1
FLUSH 1790017311288 n=2
FLUSH 1790017311802 n=2
FLUSH 1790017312151 n=1
FLUSH 1790017312306 n=2
FLUSH 1790017312809 n=2
FLUSH 1790017313151 n=1
FLUSH 1790017313316 n=2
FLUSH 1790017313832 n=2
FLUSH 1790017314154 n=1
FLUSH 1790017314345 n=2
FLUSH 1790017314858 n=2
FLUSH 1790017315160 n=1
FLUSH 1790017315364 n=2
FLUSH 1790017315878 n=2
FLUSH 1790017316174 n=1
FLUSH 1790017316379 n=2
FLUSH 1790017316891 n=2
FLUSH 1790017317188 n=1
FLUSH 1790017317399 n=2
FLUSH 1790017317904 n=2
FLUSH 1790017318192 n=1
FLUSH 1790017318421 n=2
FLUSH 1790017318934 n=2
FLUSH 1790017319202 n=1
FLUSH 1790017319446 n=2
FLUSH 1790017319947 n=2
FLUSH 1790017320216 n=1
FLUSH 1790017320461 n=2
FLUSH 1790017320955 n=2
FLUSH 1790017321221 n=1
FLUSH 1790017321465 n=2
FLUSH 1790017321976 n=2
FLUSH 1790017322227 n=1
FLUSH 1790017322476 n=2
FLUSH 1790017322991 n=2
FLUSH 1790017323226 n=1
FLUSH 1790017323493 n=2
FLUSH 1790017324009 n=2
FLUSH 1790017324241 n=1
FLUSH 1790017324526 n=2
FLUSH 1790017325034 n=2
FLUSH 1790017325259 n=1
FLUSH 1790017325539 n=2
FLUSH 1790017326041 n=2
FLUSH 1790017326272 n=1
FLUSH 1790017326542 n=2
FLUSH 1790017327060 n=2
FLUSH 1790017327276 n=1
FLUSH 1790017327576 n=2
FLUSH 1790017328090 n=2
FLUSH 1790017328293 n=1
FLUSH 1790017328590 n=2
FLUSH 1790017329107 n=2
FLUSH 1790017329293 n=1
FLUSH 1790017329621 n=2
FLUSH 1790017330126 n=2
FLUSH 1790017330308 n=1
FLUSH 1790017330624 n=2
FLUSH 1790017331142 n=2
FLUSH 1790017331308 n=1
FLUSH 1790017331659 n=2
FLUSH 1790017332158 n=2
FLUSH 1790017332325 n=1
FLUSH 1790017332669 n=2
FLUSH 1790017333178 n=2
FLUSH 1790017333335 n=1
FLUSH 1790017333680 n=2
FLUSH 1790017334187 n=2
FLUSH 1790017334358 n=1
FLUSH 1790017334688 n=2
FLUSH 1790017335190 n=2
FLUSH 1790017335363 n=1
FLUSH 1790017335700 n=2
FLUSH 1790017336212 n=2
FLUSH 1790017336375 n=1
FLUSH 1790017336717 n=2
FLUSH 1790017337227 n=2
FLUSH 1790017337385 n=1
FLUSH 1790017337738 n=2
FLUSH 1790017338242 n=2
FLUSH 1790017338397 n=1
FLUSH 1790017338746 n=2
FLUSH 1790017339266 n=2
FLUSH 1790017339408 n=1
FLUSH 1790017339791 n=2
FLUSH 1790017340294 n=2
FLUSH 1790017340421 n=1
FLUSH 1790017340793 n=2
FLUSH 1790017341307 n=2
FLUSH 1790017341432 n=1
FLUSH 1790017341810 n=2
FLUSH 1790017342311 n=2
FLUSH 1790017342437 n=1
FLUSH 1790017342827 n=2
FLUSH 1790017343327 n=2
FLUSH 1790017343451 n=1
FLUSH 1790017343840 n=2
FLUSH 1790017344348 n=2
FLUSH 1790017344459 n=1
FLUSH 1790017344854 n=2
FLUSH 1790017345356 n=2
FLUSH 1790017345465 n=1
FLUSH 1790017345862 n=2
FLUSH 1790017346367 n=2
FLUSH 1790017346476 n=1
FLUSH 1790017346892 n=2
FLUSH 1790017347390 n=2
FLUSH 1790017347490 n=1
FLUSH 1790017347905 n=2
FLUSH 1790017348408 n=2
FLUSH 1790017348491 n=1
FLUSH 1790017348925 n=2
FLUSH 1790017349438 n=2
FLUSH 1790017349492 n=1
FLUSH 1790017349940 n=2
FLUSH 1790017350458 n=2
FLUSH 1790017350505 n=1
FLUSH 1790017350958 n=2
FLUSH 1790017351477 n=2
FLUSH 1790017351508 n=1
FLUSH 1790017351976 n=2
FLUSH 1790017352494 n=2
FLUSH 1790017352508 n=1
FLUSH 1790017353007 n=2
FLUSH 1790017353525 n=3
FLUSH 1790017354025 n=2
FLUSH 1790017354525 n=1
FLUSH 1790017354540 n=2
FLUSH 1790017355058 n=2
FLUSH 1790017355525 n=1
FLUSH 1790017355573 n=2
FLUSH 1790017356092 n=2
FLUSH 1790017356525 n=1
FLUSH 1790017356599 n=2
FLUSH 1790017357105 n=2
FLUSH 1790017357540 n=1
FLUSH 1790017357618 n=2
FLUSH 1790017358129 n=2
FLUSH 1790017358553 n=1
FLUSH 1790017358645 n=2
FLUSH 1790017359159 n=2
FLUSH 1790017359564 n=1
FLUSH 1790017359674 n=2
FLUSH 1790017360176 n=2
FLUSH 1790017360567 n=1
FLUSH 1790017360687 n=2
FLUSH 1790017361199 n=2
FLUSH 1790017361576 n=1
FLUSH 1790017361707 n=2
FLUSH 1790017362220 n=2
FLUSH 1790017362585 n=1
FLUSH 1790017362730 n=2
FLUSH 1790017363237 n=2
FLUSH 1790017363597 n=1
FLUSH 1790017363752 n=2
FLUSH 1790017364265 n=2
FLUSH 1790017364609 n=1
FLUSH 1790017364772 n=2
FLUSH 1790017365277 n=2
FLUSH 1790017365619 n=1
FLUSH 1790017365788 n=2
FLUSH 1790017366299 n=2
FLUSH 1790017366624 n=1
FLUSH 1790017366821 n=2
FLUSH 1790017367322 n=2
FLUSH 1790017367625 n=1
FLUSH 1790017367829 n=2
FLUSH 1790017368339 n=2
FLUSH 1790017368640 n=1
FLUSH 1790017368849 n=2
FLUSH 1790017369361 n=2
FLUSH 1790017369650 n=1
FLUSH 1790017369874 n=2
FLUSH 1790017370388 n=2
FLUSH 1790017370663 n=1
FLUSH 1790017370890 n=2
FLUSH 1790017371395 n=2
FLUSH 1790017371668 n=1
FLUSH 1790017371892 n=2
FLUSH 1790017372408 n=2
FLUSH 1790017372677 n=1
FLUSH 1790017372904 n=2
FLUSH 1790017373419 n=2
FLUSH 1790017373682 n=1
FLUSH 1790017373925 n=2
FLUSH 1790017374433 n=2
FLUSH 1790017374680 n=1
FLUSH 1790017374935 n=2
FLUSH 1790017375446 n=2
FLUSH 1790017375694 n=1
FLUSH 1790017375953 n=2
FLUSH 1790017376454 n=2
FLUSH 1790017376697 n=1
FLUSH 1790017376957 n=2
FLUSH 1790017377473 n=2
FLUSH 1790017377708 n=1
FLUSH 1790017377974 n=2
FLUSH 1790017378485 n=2
FLUSH 1790017378721 n=1
FLUSH 1790017378996 n=2
FLUSH 1790017379498 n=2
FLUSH 1790017379733 n=1
FLUSH 1790017380004 n=2
FLUSH 1790017380513 n=2
FLUSH 1790017380748 n=1
FLUSH 1790017381015 n=2
FLUSH 1790017381525 n=2
FLUSH 1790017381756 n=1
FLUSH 1790017382021 n=2
