[host] embedded mode: perry staticlib in-process
[host] perry_module_init done in 15.9636ms
[host] frontend hello: {"t":"hello","proto":1,"title":"PerryTS × GPUI"}
[host] window opened
FLUSH 1790035743770 n=239
STDIN_CHUNK 1790035743771 len=13
LINE_RECV 1790035743771 {"t":"ping"}
FLUSH 1790035743944 n=2
FLUSH 1790035744448 n=3
FLUSH 1790035744964 n=2
FLUSH 1790035745451 n=1
FLUSH 1790035745486 n=2
FLUSH 1790035745985 n=2
FLUSH 1790035746466 n=1
FLUSH 1790035746489 n=2
FLUSH 1790035746998 n=2
FLUSH 1790035747462 n=1
FLUSH 1790035747510 n=2
FLUSH 1790035748011 n=2
FLUSH 1790035748463 n=1
FLUSH 1790035748515 n=2
FLUSH 1790035749030 n=2
[host] click id=63 -> tx
[host] ev write: {"t":"event","target":63,"kind":"click"}
STDIN_CHUNK 1790035749112 len=41
LINE_RECV 1790035749112 {"t":"event","target":63,"kind":"click"}
EVT_RECV 1790035749112 feeder=-1
FLUSH 1790035749130 n=88
FLUSH 1790035749471 n=1
FLUSH 1790035749538 n=2
FLUSH 1790035750052 n=2
FLUSH 1790035750464 n=1
FLUSH 1790035750550 n=2
FLUSH 1790035751047 n=2
FLUSH 1790035751479 n=1
FLUSH 1790035751563 n=2
FLUSH 1790035752070 n=2
FLUSH 1790035752485 n=1
FLUSH 1790035752584 n=2
FLUSH 1790035753097 n=2
FLUSH 1790035753495 n=1
FLUSH 1790035753618 n=2
FLUSH 1790035754119 n=2
FLUSH 1790035754494 n=1
FLUSH 1790035754631 n=2
FLUSH 1790035755134 n=2
FLUSH 1790035755514 n=1
FLUSH 1790035755646 n=2
FLUSH 1790035756162 n=2
FLUSH 1790035756517 n=1
FLUSH 1790035756664 n=2
FLUSH 1790035757180 n=2
FLUSH 1790035757528 n=1
FLUSH 1790035757678 n=2
FLUSH 1790035758178 n=2
FLUSH 1790035758544 n=1
FLUSH 1790035758678 n=2
FLUSH 1790035759196 n=2
FLUSH 1790035759562 n=1
FLUSH 1790035759697 n=2
FLUSH 1790035760202 n=2
FLUSH 1790035760562 n=1
FLUSH 1790035760712 n=2
FLUSH 1790035761228 n=2
FLUSH 1790035761574 n=1
FLUSH 1790035761737 n=2
FLUSH 1790035762252 n=2
FLUSH 1790035762578 n=1
FLUSH 1790035762753 n=2
FLUSH 1790035763258 n=2
FLUSH 1790035763586 n=1
FLUSH 1790035763759 n=2
FLUSH 1790035764262 n=2
FLUSH 1790035764596 n=1
FLUSH 1790035764764 n=2
FLUSH 1790035765279 n=2
FLUSH 1790035765606 n=1
FLUSH 1790035765779 n=2
FLUSH 1790035766295 n=2
FLUSH 1790035766610 n=1
FLUSH 1790035766801 n=2
FLUSH 1790035767297 n=2
FLUSH 1790035767627 n=1
FLUSH 1790035767797 n=2
FLUSH 1790035768316 n=2
FLUSH 1790035768635 n=1
FLUSH 1790035768828 n=2
FLUSH 1790035769331 n=2
FLUSH 1790035769645 n=1
FLUSH 1790035769830 n=2
FLUSH 1790035770343 n=2
FLUSH 1790035770666 n=1
FLUSH 1790035770867 n=2
FLUSH 1790035771379 n=2
FLUSH 1790035771677 n=1
FLUSH 1790035771885 n=2
FLUSH 1790035772383 n=2
FLUSH 1790035772698 n=1
FLUSH 1790035772894 n=2
FLUSH 1790035773396 n=2
FLUSH 1790035773710 n=1
FLUSH 1790035773908 n=2
FLUSH 1790035774413 n=2
FLUSH 1790035774712 n=1
FLUSH 1790035774913 n=2
FLUSH 1790035775429 n=2
FLUSH 1790035775733 n=1
FLUSH 1790035775951 n=2
FLUSH 1790035776468 n=2
FLUSH 1790035776746 n=1
FLUSH 1790035776976 n=2
FLUSH 1790035777480 n=2
FLUSH 1790035777746 n=1
FLUSH 1790035777997 n=2
FLUSH 1790035778512 n=2
FLUSH 1790035778752 n=1
FLUSH 1790035779029 n=2
FLUSH 1790035779534 n=2
FLUSH 1790035779767 n=1
FLUSH 1790035780045 n=2
FLUSH 1790035780560 n=2
FLUSH 1790035780778 n=1
FLUSH 1790035781078 n=2
FLUSH 1790035781593 n=2
FLUSH 1790035781796 n=1
FLUSH 1790035782111 n=2
FLUSH 1790035782614 n=2
FLUSH 1790035782816 n=1
FLUSH 1790035783114 n=2
FLUSH 1790035783621 n=2
FLUSH 1790035783810 n=1
FLUSH 1790035784126 n=2
FLUSH 1790035784640 n=2
FLUSH 1790035784822 n=1
FLUSH 1790035785141 n=2
FLUSH 1790035785652 n=2
FLUSH 1790035785821 n=1
FLUSH 1790035786169 n=2
FLUSH 1790035786671 n=2
FLUSH 1790035786839 n=1
FLUSH 1790035787179 n=2
FLUSH 1790035787686 n=2
FLUSH 1790035787842 n=1
FLUSH 1790035788200 n=2
FLUSH 1790035788711 n=2
FLUSH 1790035788857 n=1
FLUSH 1790035789215 n=2
FLUSH 1790035789716 n=2
FLUSH 1790035789872 n=1
FLUSH 1790035790223 n=2
FLUSH 1790035790726 n=2
FLUSH 1790035790873 n=1
FLUSH 1790035791233 n=2
FLUSH 1790035791745 n=2
FLUSH 1790035791893 n=1
FLUSH 1790035792261 n=2
FLUSH 1790035792775 n=2
FLUSH 1790035792903 n=1
FLUSH 1790035793291 n=2
FLUSH 1790035793810 n=2
FLUSH 1790035793908 n=1
FLUSH 1790035794311 n=2
FLUSH 1790035794824 n=2
FLUSH 1790035794919 n=1
FLUSH 1790035795324 n=2
FLUSH 1790035795829 n=2
FLUSH 1790035795926 n=1
FLUSH 1790035796343 n=2
FLUSH 1790035796861 n=2
FLUSH 1790035796924 n=1
FLUSH 1790035797368 n=2
FLUSH 1790035797876 n=2
FLUSH 1790035797923 n=1
FLUSH 1790035798386 n=2
FLUSH 1790035798891 n=2
FLUSH 1790035798939 n=1
FLUSH 1790035799404 n=2
FLUSH 1790035799916 n=2
FLUSH 1790035799947 n=1
FLUSH 1790035800430 n=2
FLUSH 1790035800941 n=2
FLUSH 1790035800957 n=1
FLUSH 1790035801451 n=2
FLUSH 1790035801951 n=2
FLUSH 1790035801968 n=1
FLUSH 1790035802452 n=2
FLUSH 1790035802960 n=2
FLUSH 1790035802976 n=1
FLUSH 1790035803461 n=2
FLUSH 1790035803968 n=2
FLUSH 1790035803985 n=1
FLUSH 1790035804481 n=2
FLUSH 1790035804992 n=3
FLUSH 1790035805501 n=2
FLUSH 1790035806007 n=3
FLUSH 1790035806512 n=2
FLUSH 1790035807022 n=3
FLUSH 1790035807538 n=2
FLUSH 1790035808036 n=1
FLUSH 1790035808052 n=2
FLUSH 1790035808560 n=2
FLUSH 1790035809038 n=1
FLUSH 1790035809070 n=2
FLUSH 1790035809576 n=2
FLUSH 1790035810040 n=1
FLUSH 1790035810087 n=2
FLUSH 1790035810595 n=2
FLUSH 1790035811053 n=1
FLUSH 1790035811100 n=2
FLUSH 1790035811606 n=2
FLUSH 1790035812057 n=1
FLUSH 1790035812119 n=2
FLUSH 1790035812626 n=2
FLUSH 1790035813064 n=1
FLUSH 1790035813141 n=2
FLUSH 1790035813659 n=2
FLUSH 1790035814084 n=1
FLUSH 1790035814177 n=2
FLUSH 1790035814692 n=2
FLUSH 1790035815090 n=1
FLUSH 1790035815200 n=2
FLUSH 1790035815716 n=2
FLUSH 1790035816092 n=1
FLUSH 1790035816227 n=2
FLUSH 1790035816731 n=2
FLUSH 1790035817095 n=1
FLUSH 1790035817249 n=2
FLUSH 1790035817744 n=2
FLUSH 1790035818099 n=1
FLUSH 1790035818262 n=2
FLUSH 1790035818774 n=2
FLUSH 1790035819110 n=1
FLUSH 1790035819295 n=2
FLUSH 1790035819795 n=2
FLUSH 1790035820109 n=1
FLUSH 1790035820294 n=2
FLUSH 1790035820815 n=2
FLUSH 1790035821109 n=1
FLUSH 1790035821328 n=2
FLUSH 1790035821844 n=2
FLUSH 1790035822128 n=1
FLUSH 1790035822350 n=2
FLUSH 1790035822862 n=2
FLUSH 1790035823148 n=1
FLUSH 1790035823366 n=2
FLUSH 1790035823882 n=2
FLUSH 1790035824161 n=1
FLUSH 1790035824394 n=2
FLUSH 1790035824894 n=2
FLUSH 1790035825161 n=1
FLUSH 1790035825394 n=2
FLUSH 1790035825909 n=2
FLUSH 1790035826182 n=1
FLUSH 1790035826409 n=2
FLUSH 1790035826925 n=2
FLUSH 1790035827184 n=1
FLUSH 1790035827435 n=2
FLUSH 1790035827942 n=2
FLUSH 1790035828192 n=1
FLUSH 1790035828454 n=2
FLUSH 1790035828958 n=2
FLUSH 1790035829204 n=1
FLUSH 1790035829474 n=2
FLUSH 1790035829988 n=2
FLUSH 1790035830205 n=1
FLUSH 1790035830502 n=2
FLUSH 1790035831013 n=2
FLUSH 1790035831215 n=1
FLUSH 1790035831516 n=2
FLUSH 1790035832020 n=2
FLUSH 1790035832225 n=1
FLUSH 1790035832530 n=2
FLUSH 1790035833035 n=2
FLUSH 1790035833238 n=1
FLUSH 1790035833537 n=2
FLUSH 1790035834043 n=2
FLUSH 1790035834254 n=1
FLUSH 1790035834550 n=2
FLUSH 1790035835059 n=2
FLUSH 1790035835265 n=1
FLUSH 1790035835556 n=2
FLUSH 1790035836063 n=2
FLUSH 1790035836273 n=1
FLUSH 1790035836578 n=2
FLUSH 1790035837091 n=2
FLUSH 1790035837285 n=1
FLUSH 1790035837595 n=2
FLUSH 1790035838108 n=2
FLUSH 1790035838300 n=1
FLUSH 1790035838609 n=2
FLUSH 1790035839117 n=2
FLUSH 1790035839308 n=1
FLUSH 1790035839625 n=2
FLUSH 1790035840127 n=2
FLUSH 1790035840313 n=1
FLUSH 1790035840644 n=2
FLUSH 1790035841158 n=2
FLUSH 1790035841323 n=1
FLUSH 1790035841667 n=2
FLUSH 1790035842176 n=2
FLUSH 1790035842333 n=1
FLUSH 1790035842691 n=2
FLUSH 1790035843204 n=2
FLUSH 1790035843344 n=1
FLUSH 1790035843705 n=2
FLUSH 1790035844214 n=2
FLUSH 1790035844358 n=1
FLUSH 1790035844730 n=2
FLUSH 1790035845240 n=2
FLUSH 1790035845371 n=1
FLUSH 1790035845744 n=2
FLUSH 1790035846244 n=2
FLUSH 1790035846377 n=1
FLUSH 1790035846754 n=2
FLUSH 1790035847256 n=2
FLUSH 1790035847386 n=1
FLUSH 1790035847761 n=2
FLUSH 1790035848268 n=2
FLUSH 1790035848394 n=1
FLUSH 1790035848771 n=2
FLUSH 1790035849281 n=2
FLUSH 1790035849415 n=1
FLUSH 1790035849791 n=2
FLUSH 1790035850304 n=2
FLUSH 1790035850414 n=1
FLUSH 1790035850820 n=2
FLUSH 1790035851335 n=2
FLUSH 1790035851420 n=1
FLUSH 1790035851844 n=2
FLUSH 1790035852348 n=2
FLUSH 1790035852427 n=1
FLUSH 1790035852864 n=2
FLUSH 1790035853366 n=2
FLUSH 1790035853429 n=1
FLUSH 1790035853872 n=2
FLUSH 1790035854385 n=2
FLUSH 1790035854432 n=1
FLUSH 1790035854891 n=2
FLUSH 1790035855392 n=2
FLUSH 1790035855440 n=1
FLUSH 1790035855905 n=2
FLUSH 1790035856407 n=2
FLUSH 1790035856454 n=1
FLUSH 1790035856924 n=2
FLUSH 1790035857427 n=2
FLUSH 1790035857467 n=1
FLUSH 1790035857934 n=2
FLUSH 1790035858447 n=2
FLUSH 1790035858480 n=1
FLUSH 1790035858948 n=2
FLUSH 1790035859460 n=2
FLUSH 1790035859483 n=1
FLUSH 1790035859960 n=2
FLUSH 1790035860460 n=2
FLUSH 1790035860493 n=1
FLUSH 1790035860973 n=2
FLUSH 1790035861476 n=2
FLUSH 1790035861507 n=1
FLUSH 1790035861994 n=2
FLUSH 1790035862489 n=2
FLUSH 1790035862526 n=1
FLUSH 1790035862991 n=2
FLUSH 1790035863504 n=2
FLUSH 1790035863539 n=1
FLUSH 1790035864008 n=2
FLUSH 1790035864525 n=2
FLUSH 1790035864540 n=1
FLUSH 1790035865040 n=2
FLUSH 1790035865547 n=3
FLUSH 1790035866058 n=2
FLUSH 1790035866558 n=1
FLUSH 1790035866573 n=2
FLUSH 1790035867091 n=2
FLUSH 1790035867558 n=1
FLUSH 1790035867607 n=2
FLUSH 1790035868113 n=2
FLUSH 1790035868556 n=1
FLUSH 1790035868619 n=2
FLUSH 1790035869125 n=2
FLUSH 1790035869559 n=1
FLUSH 1790035869626 n=2
FLUSH 1790035870141 n=2
FLUSH 1790035870560 n=1
FLUSH 1790035870644 n=2
FLUSH 1790035871145 n=2
FLUSH 1790035871576 n=1
FLUSH 1790035871643 n=2
FLUSH 1790035872162 n=2
FLUSH 1790035872596 n=1
FLUSH 1790035872663 n=2
FLUSH 1790035873179 n=2
FLUSH 1790035873605 n=1
FLUSH 1790035873674 n=2
FLUSH 1790035874174 n=2
FLUSH 1790035874609 n=1
FLUSH 1790035874675 n=2
FLUSH 1790035875197 n=2
FLUSH 1790035875631 n=1
FLUSH 1790035875699 n=2
FLUSH 1790035876206 n=2
FLUSH 1790035876638 n=1
FLUSH 1790035876729 n=2
FLUSH 1790035877230 n=2
FLUSH 1790035877643 n=1
FLUSH 1790035877730 n=2
FLUSH 1790035878245 n=2
FLUSH 1790035878655 n=1
FLUSH 1790035878761 n=2
FLUSH 1790035879269 n=2
FLUSH 1790035879668 n=1
FLUSH 1790035879769 n=2
FLUSH 1790035880278 n=2
FLUSH 1790035880673 n=1
FLUSH 1790035880789 n=2
FLUSH 1790035881297 n=2
FLUSH 1790035881675 n=1
FLUSH 1790035881804 n=2
FLUSH 1790035882318 n=2
FLUSH 1790035882687 n=1
FLUSH 1790035882828 n=2
FLUSH 1790035883336 n=2
FLUSH 1790035883691 n=1
FLUSH 1790035883847 n=2
FLUSH 1790035884347 n=2
FLUSH 1790035884692 n=1
FLUSH 1790035884863 n=2
FLUSH 1790035885364 n=2
FLUSH 1790035885697 n=1
FLUSH 1790035885867 n=2
FLUSH 1790035886380 n=2
FLUSH 1790035886713 n=1
FLUSH 1790035886898 n=2
FLUSH 1790035887402 n=2
FLUSH 1790035887715 n=1
FLUSH 1790035887904 n=2
[host] click id=33 -> tx
[host] ev write: {"t":"event","target":33,"kind":"click"}
STDIN_CHUNK 1790035887935 len=41
LINE_RECV 1790035887935 {"t":"event","target":33,"kind":"click"}
EVT_RECV 1790035887935 feeder=-1
FLUSH 1790035887950 n=3
FLUSH 1790035888409 n=2
FLUSH 1790035888722 n=1
[host] click id=33 -> tx
[host] ev write: {"t":"event","target":33,"kind":"click"}
STDIN_CHUNK 1790035888740 len=41
LINE_RECV 1790035888740 {"t":"event","target":33,"kind":"click"}
EVT_RECV 1790035888740 feeder=-1
FLUSH 1790035888755 n=3
FLUSH 1790035888923 n=2
FLUSH 1790035889440 n=2
FLUSH 1790035889725 n=1
FLUSH 1790035889946 n=2
FLUSH 1790035890458 n=2
FLUSH 1790035890725 n=1
FLUSH 1790035890980 n=2
FLUSH 1790035891491 n=2
FLUSH 1790035891742 n=1
FLUSH 1790035891997 n=2
FLUSH 1790035892513 n=2
FLUSH 1790035892763 n=1
FLUSH 1790035893025 n=2
FLUSH 1790035893540 n=2
FLUSH 1790035893758 n=1
FLUSH 1790035894042 n=2
FLUSH 1790035894563 n=2
FLUSH 1790035894776 n=1
FLUSH 1790035895063 n=2
FLUSH 1790035895574 n=2
FLUSH 1790035895779 n=1
FLUSH 1790035896073 n=2
FLUSH 1790035896590 n=2
FLUSH 1790035896795 n=1
FLUSH 1790035897091 n=2
FLUSH 1790035897606 n=2
FLUSH 1790035897792 n=1
FLUSH 1790035898125 n=2
FLUSH 1790035898638 n=2
FLUSH 1790035898791 n=1
FLUSH 1790035899145 n=2
FLUSH 1790035899645 n=2
FLUSH 1790035899792 n=1
FLUSH 1790035900155 n=2
FLUSH 1790035900658 n=2
FLUSH 1790035900791 n=1
FLUSH 1790035901174 n=2
FLUSH 1790035901674 n=2
FLUSH 1790035901814 n=1
FLUSH 1790035902179 n=2
FLUSH 1790035902681 n=2
FLUSH 1790035902822 n=1
FLUSH 1790035903184 n=2
FLUSH 1790035903705 n=2
FLUSH 1790035903845 n=1
FLUSH 1790035904211 n=2
FLUSH 1790035904723 n=2
FLUSH 1790035904861 n=1
FLUSH 1790035905240 n=2
FLUSH 1790035905748 n=2
FLUSH 1790035905873 n=1
FLUSH 1790035906258 n=2
FLUSH 1790035906773 n=2
FLUSH 1790035906875 n=1
FLUSH 1790035907285 n=2
FLUSH 1790035907787 n=2
FLUSH 1790035907884 n=1
FLUSH 1790035908291 n=2
FLUSH 1790035908811 n=2
FLUSH 1790035908895 n=1
FLUSH 1790035909314 n=2
FLUSH 1790035909808 n=2
FLUSH 1790035909908 n=1
FLUSH 1790035910328 n=2
FLUSH 1790035910841 n=2
FLUSH 1790035910923 n=1
FLUSH 1790035911356 n=2
FLUSH 1790035911856 n=2
FLUSH 1790035911938 n=1
FLUSH 1790035912371 n=2
FLUSH 1790035912878 n=2
FLUSH 1790035912939 n=1
FLUSH 1790035913393 n=2
FLUSH 1790035913906 n=2
FLUSH 1790035913955 n=1
FLUSH 1790035914421 n=2
FLUSH 1790035914922 n=2
FLUSH 1790035914968 n=1
FLUSH 1790035915434 n=2
FLUSH 1790035915938 n=2
FLUSH 1790035915973 n=1
FLUSH 1790035916438 n=2
FLUSH 1790035916939 n=2
FLUSH 1790035916994 n=1
FLUSH 1790035917445 n=2
FLUSH 1790035917951 n=2
FLUSH 1790035917997 n=1
FLUSH 1790035918457 n=2
FLUSH 1790035918957 n=2
FLUSH 1790035919012 n=1
FLUSH 1790035919457 n=2
FLUSH 1790035919977 n=2
FLUSH 1790035920023 n=1
FLUSH 1790035920479 n=2
FLUSH 1790035920974 n=2
FLUSH 1790035921041 n=1
FLUSH 1790035921490 n=2
FLUSH 1790035922007 n=2
FLUSH 1790035922040 n=1
FLUSH 1790035922527 n=2
FLUSH 1790035923028 n=2
FLUSH 1790035923062 n=1
FLUSH 1790035923542 n=2
FLUSH 1790035924040 n=2
FLUSH 1790035924071 n=1
FLUSH 1790035924556 n=2
FLUSH 1790035925056 n=2
FLUSH 1790035925072 n=1
FLUSH 1790035925573 n=2
FLUSH 1790035926080 n=3
FLUSH 1790035926593 n=2
FLUSH 1790035927089 n=1
FLUSH 1790035927105 n=2
FLUSH 1790035927622 n=2
FLUSH 1790035928102 n=1
FLUSH 1790035928132 n=2
FLUSH 1790035928641 n=2
FLUSH 1790035929121 n=1
FLUSH 1790035929152 n=2
FLUSH 1790035929653 n=2
FLUSH 1790035930120 n=1
FLUSH 1790035930168 n=2
FLUSH 1790035930676 n=2
FLUSH 1790035931122 n=1
FLUSH 1790035931189 n=2
FLUSH 1790035931690 n=2
FLUSH 1790035932149 n=1
FLUSH 1790035932205 n=2
FLUSH 1790035932709 n=2
FLUSH 1790035933159 n=1
FLUSH 1790035933222 n=2
FLUSH 1790035933736 n=2
FLUSH 1790035934168 n=1
FLUSH 1790035934247 n=2
FLUSH 1790035934753 n=2
FLUSH 1790035935182 n=1
FLUSH 1790035935260 n=2
FLUSH 1790035935771 n=2
FLUSH 1790035936195 n=1
FLUSH 1790035936272 n=2
FLUSH 1790035936778 n=2
FLUSH 1790035937196 n=1
FLUSH 1790035937291 n=2
FLUSH 1790035937797 n=2
FLUSH 1790035938204 n=1
FLUSH 1790035938298 n=2
FLUSH 1790035938804 n=2
FLUSH 1790035939222 n=1
FLUSH 1790035939320 n=2
FLUSH 1790035939835 n=2
FLUSH 1790035940222 n=1
FLUSH 1790035940347 n=2
FLUSH 1790035940857 n=2
FLUSH 1790035941236 n=1
FLUSH 1790035941370 n=2
FLUSH 1790035941882 n=2
FLUSH 1790035942235 n=1
FLUSH 1790035942383 n=2
FLUSH 1790035942905 n=2
FLUSH 1790035943238 n=1
FLUSH 1790035943407 n=2
FLUSH 1790035943922 n=2
FLUSH 1790035944247 n=1
FLUSH 1790035944435 n=2
FLUSH 1790035944949 n=2
FLUSH 1790035945255 n=1
FLUSH 1790035945458 n=2
FLUSH 1790035945961 n=2
FLUSH 1790035946267 n=1
FLUSH 1790035946461 n=2
FLUSH 1790035946971 n=2
FLUSH 1790035947281 n=1
FLUSH 1790035947481 n=2
FLUSH 1790035947989 n=2
FLUSH 1790035948290 n=1
FLUSH 1790035948490 n=2
FLUSH 1790035949004 n=2
FLUSH 1790035949305 n=1
FLUSH 1790035949508 n=2
FLUSH 1790035950007 n=2
FLUSH 1790035950306 n=1
FLUSH 1790035950529 n=2
FLUSH 1790035951030 n=2
FLUSH 1790035951307 n=1
FLUSH 1790035951545 n=2
FLUSH 1790035952058 n=2
FLUSH 1790035952327 n=1
FLUSH 1790035952558 n=2
FLUSH 1790035953062 n=2
FLUSH 1790035953321 n=1
FLUSH 1790035953566 n=2
FLUSH 1790035954067 n=2
FLUSH 1790035954329 n=1
FLUSH 1790035954571 n=2
FLUSH 1790035955084 n=2
FLUSH 1790035955344 n=1
FLUSH 1790035955600 n=2
FLUSH 1790035956102 n=2
FLUSH 1790035956353 n=1
FLUSH 1790035956605 n=2
FLUSH 1790035957111 n=2
FLUSH 1790035957369 n=1
FLUSH 1790035957618 n=2
FLUSH 1790035958134 n=2
FLUSH 1790035958370 n=1
FLUSH 1790035958635 n=2
FLUSH 1790035959154 n=2
FLUSH 1790035959379 n=1
FLUSH 1790035959661 n=2
FLUSH 1790035960163 n=2
FLUSH 1790035960386 n=1
FLUSH 1790035960676 n=2
FLUSH 1790035961189 n=2
FLUSH 1790035961401 n=1
FLUSH 1790035961705 n=2
FLUSH 1790035962205 n=2
FLUSH 1790035962400 n=1
FLUSH 1790035962721 n=2
FLUSH 1790035963226 n=2
FLUSH 1790035963406 n=1
FLUSH 1790035963743 n=2
FLUSH 1790035964239 n=2
FLUSH 1790035964427 n=1
FLUSH 1790035964758 n=2
FLUSH 1790035965260 n=2
FLUSH 1790035965439 n=1
FLUSH 1790035965772 n=2
FLUSH 1790035966288 n=2
FLUSH 1790035966456 n=1
FLUSH 1790035966800 n=2
FLUSH 1790035967303 n=2
FLUSH 1790035967472 n=1
FLUSH 1790035967820 n=2
FLUSH 1790035968320 n=2
FLUSH 1790035968472 n=1
FLUSH 1790035968836 n=2
FLUSH 1790035969354 n=2
FLUSH 1790035969487 n=1
FLUSH 1790035969853 n=2
FLUSH 1790035970371 n=2
FLUSH 1790035970499 n=1
FLUSH 1790035970874 n=2
FLUSH 1790035971392 n=2
FLUSH 1790035971505 n=1
FLUSH 1790035971905 n=2
FLUSH 1790035972426 n=2
FLUSH 1790035972528 n=1
FLUSH 1790035972920 n=2
FLUSH 1790035973443 n=2
FLUSH 1790035973527 n=1
FLUSH 1790035973944 n=2
FLUSH 1790035974461 n=2
FLUSH 1790035974544 n=1
FLUSH 1790035974976 n=2
FLUSH 1790035975485 n=2
FLUSH 1790035975553 n=1
FLUSH 1790035976000 n=2
FLUSH 1790035976509 n=2
FLUSH 1790035976555 n=1
FLUSH 1790035977020 n=2
FLUSH 1790035977541 n=2
FLUSH 1790035977574 n=1
FLUSH 1790035978037 n=2
FLUSH 1790035978552 n=2
FLUSH 1790035978586 n=1
FLUSH 1790035979054 n=2
FLUSH 1790035979570 n=2
FLUSH 1790035979585 n=1
FLUSH 1790035980085 n=2
FLUSH 1790035980603 n=3
FLUSH 1790035981103 n=2
FLUSH 1790035981603 n=3
FLUSH 1790035982119 n=2
FLUSH 1790035982618 n=3
FLUSH 1790035983121 n=2
FLUSH 1790035983629 n=3
FLUSH 1790035984143 n=2
FLUSH 1790035984643 n=3
FLUSH 1790035985141 n=2
FLUSH 1790035985640 n=1
FLUSH 1790035985661 n=2
FLUSH 1790035986156 n=2
FLUSH 1790035986652 n=1
FLUSH 1790035986674 n=2
FLUSH 1790035987178 n=2
FLUSH 1790035987653 n=1
FLUSH 1790035987679 n=2
FLUSH 1790035988186 n=2
FLUSH 1790035988676 n=1
FLUSH 1790035988687 n=2
FLUSH 1790035989202 n=2
FLUSH 1790035989687 n=1
FLUSH 1790035989704 n=2
FLUSH 1790035990220 n=2
FLUSH 1790035990694 n=1
FLUSH 1790035990736 n=2
FLUSH 1790035991236 n=2
FLUSH 1790035991703 n=1
FLUSH 1790035991753 n=2
FLUSH 1790035992253 n=2
FLUSH 1790035992703 n=1
FLUSH 1790035992768 n=2
FLUSH 1790035993286 n=2
FLUSH 1790035993719 n=1
FLUSH 1790035993786 n=2
FLUSH 1790035994286 n=2
FLUSH 1790035994723 n=1
FLUSH 1790035994786 n=2
FLUSH 1790035995298 n=2
FLUSH 1790035995738 n=1
FLUSH 1790035995809 n=2
FLUSH 1790035996328 n=2
FLUSH 1790035996750 n=1
FLUSH 1790035996829 n=2
FLUSH 1790035997330 n=2
FLUSH 1790035997749 n=1
FLUSH 1790035997834 n=2
